## Regular rollout, 6 Replicas, maxSurge 3, maxUnavailable 1, change spec, random(0)

[Test] Initial state
  md, 6/6 replicas
  - ms1, 3/3 replicas (m4,m5,m6)
  - ms2, 3/3 replicas (m7,m8,m9)
  - ms3, 0/0 replicas ()
[Test] Rollout 6 replicas, MaxSurge=3, MaxUnavailable=1, random(0)
[MS controller] Iteration 1, Reconcile ms1, 3/3 replicas (m4,m5,m6)
[MS controller] Iteration 1, Reconcile ms2, 3/3 replicas (m7,m8,m9)
[MS controller] Iteration 1, Reconcile ms3, 0/0 replicas ()
[MS controller] Iteration 2, Reconcile ms3, 0/0 replicas ()
[MS controller] Iteration 3, Reconcile ms1, 3/3 replicas (m4,m5,m6)
[MS controller] Iteration 3, Reconcile ms2, 3/3 replicas (m7,m8,m9)
[MS controller] Iteration 3, Reconcile ms2, 3/3 replicas (m7,m8,m9)
[MS controller] Iteration 3, Reconcile ms3, 0/0 replicas ()
[MD controller] Iteration 3, Reconcile md
[MD controller] - Input to rollout planner
  md, 6/6 replicas
  - ms1, 3/3 replicas (m4,m5,m6)
  - ms2, 3/3 replicas (m7,m8,m9)
  - ms3, 0/0 replicas ()
[MD controller] - Result of rollout planner
  md, 6/6 replicas
  - ms1, 3/2 replicas (m4,m5,m6)
  - ms2, 3/3 replicas (m7,m8,m9)
  - ms3, 0/3 replicas ()
[MS controller] Iteration 3, Reconcile ms2, 3/3 replicas (m7,m8,m9)
[MS controller] Iteration 3, Reconcile ms3, 0/3 replicas ()
[MS controller] - ms3 scale up to 3/3 replicas (m10,m11,m12 created)
[MS controller] Iteration 3, Reconcile ms3, 3/3 replicas (m10,m11,m12)
[MS controller] Iteration 4, Reconcile ms2, 3/3 replicas (m7,m8,m9)
[MS controller] Iteration 4, Reconcile ms3, 3/3 replicas (m10,m11,m12)
[MD controller] Iteration 4, Reconcile md
[MD controller] - Input to rollout planner
  md, 6/6 replicas
  - ms1, 3/2 replicas (m4,m5,m6)
  - ms2, 3/3 replicas (m7,m8,m9)
  - ms3, 3/3 replicas (m10,m11,m12)
[MD controller] - Result of rollout planner
  md, 9/6 replicas
  - ms1, 3/0 replicas (m4,m5,m6)
  - ms2, 3/3 replicas (m7,m8,m9)
  - ms3, 3/3 replicas (m10,m11,m12)
[MD controller] Iteration 4, Reconcile md
[MD controller] - Input to rollout planner
  md, 9/6 replicas
  - ms1, 3/0 replicas (m4,m5,m6)
  - ms2, 3/3 replicas (m7,m8,m9)
  - ms3, 3/3 replicas (m10,m11,m12)
[MD controller] - Result of rollout planner
  md, 9/6 replicas
  - ms1, 3/0 replicas (m4,m5,m6)
  - ms2, 3/3 replicas (m7,m8,m9)
  - ms3, 3/3 replicas (m10,m11,m12)
[MS controller] Iteration 5, Reconcile ms3, 3/3 replicas (m10,m11,m12)
[MS controller] Iteration 5, Reconcile ms1, 3/0 replicas (m4,m5,m6)
[MS controller] - ms1 scale down to 0/0 replicas (m4,m5,m6 deleted)
[MS controller] Iteration 5, Reconcile ms3, 3/3 replicas (m10,m11,m12)
[MD controller] Iteration 6, Reconcile md
[MD controller] - Input to rollout planner
  md, 9/6 replicas
  - ms1, 0/0 replicas ()
  - ms2, 3/3 replicas (m7,m8,m9)
  - ms3, 3/3 replicas (m10,m11,m12)
[MD controller] - Result of rollout planner
  md, 6/6 replicas
  - ms1, 0/0 replicas ()
  - ms2, 3/2 replicas (m7,m8,m9)
  - ms3, 3/6 replicas (m10,m11,m12)
[MS controller] Iteration 6, Reconcile ms3, 3/6 replicas (m10,m11,m12)
[MS controller] - ms3 scale up to 6/6 replicas (m13,m14,m15 created)
[MS controller] Iteration 6, Reconcile ms2, 3/2 replicas (m7,m8,m9)
[MS controller] - ms2 scale down to 2/2 replicas (m7 deleted)
[MS controller] Iteration 6, Reconcile ms1, 0/0 replicas ()
[MS controller] Iteration 7, Reconcile ms2, 2/2 replicas (m8,m9)
[MS controller] Iteration 7, Reconcile ms3, 6/6 replicas (m10,m11,m12,m13,m14,m15)
[MS controller] Iteration 8, Reconcile ms1, 0/0 replicas ()
[MD controller] Iteration 8, Reconcile md
[MD controller] - Input to rollout planner
  md, 6/6 replicas
  - ms1, 0/0 replicas ()
  - ms2, 2/2 replicas (m8,m9)
  - ms3, 6/6 replicas (m10,m11,m12,m13,m14,m15)
[MD controller] - Result of rollout planner
  md, 8/6 replicas
  - ms1, 0/0 replicas ()
  - ms2, 2/0 replicas (m8,m9)
  - ms3, 6/6 replicas (m10,m11,m12,m13,m14,m15)
[MS controller] Iteration 8, Reconcile ms1, 0/0 replicas ()
[MS controller] Iteration 8, Reconcile ms2, 2/0 replicas (m8,m9)
[MS controller] - ms2 scale down to 0/0 replicas (m8,m9 deleted)
[MS controller] Iteration 9, Reconcile ms3, 6/6 replicas (m10,m11,m12,m13,m14,m15)
[MS controller] Iteration 9, Reconcile ms2, 0/0 replicas ()
[MD controller] Iteration 9, Reconcile md
[MD controller] - Input to rollout planner
  md, 8/6 replicas
  - ms1, 0/0 replicas ()
  - ms2, 0/0 replicas ()
  - ms3, 6/6 replicas (m10,m11,m12,m13,m14,m15)
[MD controller] - Result of rollout planner
  md, 6/6 replicas
  - ms1, 0/0 replicas ()
  - ms2, 0/0 replicas ()
  - ms3, 6/6 replicas (m10,m11,m12,m13,m14,m15)
[MD controller] Iteration 9, Reconcile md
[MD controller] - Input to rollout planner
  md, 6/6 replicas
  - ms1, 0/0 replicas ()
  - ms2, 0/0 replicas ()
  - ms3, 6/6 replicas (m10,m11,m12,m13,m14,m15)
[MD controller] - Result of rollout planner
  md, 6/6 replicas
  - ms1, 0/0 replicas ()
  - ms2, 0/0 replicas ()
  - ms3, 6/6 replicas (m10,m11,m12,m13,m14,m15)
[MS controller] Iteration 9, Reconcile ms1, 0/0 replicas ()
[MS controller] Iteration 9, Reconcile ms1, 0/0 replicas ()
[Test] Final state
  md, 6/6 replicas
  - ms1, 0/0 replicas ()
  - ms2, 0/0 replicas ()
  - ms3, 6/6 replicas (m10,m11,m12,m13,m14,m15)
