## Regular rollout, 6 Replicas, maxSurge 3, maxUnavailable 1

[Test] Initial state
  md, 6/6 replicas
  - ms1, 6/6 replicas (m1,m2,m3,m4,m5,m6)
  - ms2, 0/0 replicas ()
[Test] Rollout 6 replicas, MaxSurge=3, MaxUnavailable=1
[MD controller] Iteration 1, Reconcile md
[MD controller] - Input to rollout planner
  md, 6/6 replicas
  - ms1, 6/6 replicas (m1,m2,m3,m4,m5,m6)
  - ms2, 0/0 replicas ()
[MD controller] - Result of rollout planner
  md, 6/6 replicas
  - ms1, 6/5 replicas (m1,m2,m3,m4,m5,m6)
  - ms2, 0/3 replicas ()
[MS controller] Iteration 1, Reconcile ms1, 6/5 replicas (m1,m2,m3,m4,m5,m6)
[MS controller] - ms1 scale down to 5/5 replicas (m1 deleted)
[MS controller] Iteration 1, Reconcile ms2, 0/3 replicas ()
[MS controller] - ms2 scale up to 3/3 replicas (m7,m8,m9 created)
[MD controller] Iteration 2, Reconcile md
[MD controller] - Input to rollout planner
  md, 6/6 replicas
  - ms1, 5/5 replicas (m2,m3,m4,m5,m6)
  - ms2, 3/3 replicas (m7,m8,m9)
[MD controller] - Result of rollout planner
  md, 8/6 replicas
  - ms1, 5/2 replicas (m2,m3,m4,m5,m6)
  - ms2, 3/4 replicas (m7,m8,m9)
[MS controller] Iteration 2, Reconcile ms1, 5/2 replicas (m2,m3,m4,m5,m6)
[MS controller] - ms1 scale down to 2/2 replicas (m2,m3,m4 deleted)
[MS controller] Iteration 2, Reconcile ms2, 3/4 replicas (m7,m8,m9)
[MS controller] - ms2 scale up to 4/4 replicas (m10 created)
[MD controller] Iteration 3, Reconcile md
[MD controller] - Input to rollout planner
  md, 8/6 replicas
  - ms1, 2/2 replicas (m5,m6)
  - ms2, 4/4 replicas (m7,m8,m9,m10)
[MD controller] - Result of rollout planner
  md, 6/6 replicas
  - ms1, 2/1 replicas (m5,m6)
  - ms2, 4/6 replicas (m7,m8,m9,m10)
[MS controller] Iteration 3, Reconcile ms1, 2/1 replicas (m5,m6)
[MS controller] - ms1 scale down to 1/1 replicas (m5 deleted)
[MS controller] Iteration 3, Reconcile ms2, 4/6 replicas (m7,m8,m9,m10)
[MS controller] - ms2 scale up to 6/6 replicas (m11,m12 created)
[MD controller] Iteration 4, Reconcile md
[MD controller] - Input to rollout planner
  md, 6/6 replicas
  - ms1, 1/1 replicas (m6)
  - ms2, 6/6 replicas (m7,m8,m9,m10,m11,m12)
[MD controller] - Result of rollout planner
  md, 7/6 replicas
  - ms1, 1/0 replicas (m6)
  - ms2, 6/6 replicas (m7,m8,m9,m10,m11,m12)
[MS controller] Iteration 4, Reconcile ms1, 1/0 replicas (m6)
[MS controller] - ms1 scale down to 0/0 replicas (m6 deleted)
[MS controller] Iteration 4, Reconcile ms2, 6/6 replicas (m7,m8,m9,m10,m11,m12)
[MD controller] Iteration 5, Reconcile md
[MD controller] - Input to rollout planner
  md, 7/6 replicas
  - ms1, 0/0 replicas ()
  - ms2, 6/6 replicas (m7,m8,m9,m10,m11,m12)
[MD controller] - Result of rollout planner
  md, 6/6 replicas
  - ms1, 0/0 replicas ()
  - ms2, 6/6 replicas (m7,m8,m9,m10,m11,m12)
[MS controller] Iteration 5, Reconcile ms1, 0/0 replicas ()
[MS controller] Iteration 5, Reconcile ms2, 6/6 replicas (m7,m8,m9,m10,m11,m12)
[Test] Final state
  md, 6/6 replicas
  - ms1, 0/0 replicas ()
  - ms2, 6/6 replicas (m7,m8,m9,m10,m11,m12)
