## In-place rollout, 6 Replicas, maxSurge 3, MaxUnavailable 1, scale up to 12, random(0)

[Test] Initial state
  md, 12/12 replicas
  - ms1, 0/0 replicas ()
  - ms2, 12/12 replicas (m1,m2,m3,m4,m5,m6,m7,m8,m9,m10,m11,m12)
[Test] Rollout 0 replicas, MaxSurge=3, MaxUnavailable=1, random(0)
[MS controller] Iteration 1, Reconcile ms2, 12/12 replicas (m1,m2,m3,m4,m5,m6,m7,m8,m9,m10,m11,m12)
[MD controller] Iteration 1, Reconcile md
[MD controller] - Input to rollout planner
  md, 12/12 replicas
  - ms1, 0/0 replicas ()
  - ms2, 12/12 replicas (m1,m2,m3,m4,m5,m6,m7,m8,m9,m10,m11,m12)
[MD controller] - Result of rollout planner
  md, 12/12 replicas
  - ms1, 0/0 replicas ()
  - ms2, 12/12 replicas (m1,m2,m3,m4,m5,m6,m7,m8,m9,m10,m11,m12)
[Test] Final state
  md, 12/12 replicas
  - ms1, 0/0 replicas ()
  - ms2, 12/12 replicas (m1,m2,m3,m4,m5,m6,m7,m8,m9,m10,m11,m12)
