## Regular rollout, 6 Replicas, maxSurge 3, MaxUnavailable 1, scale up to 12, random(0)

[Test] Initial state
  md, 6/6 replicas
  - ms1, 6/6 replicas (m1,m2,m3,m4,m5,m6)
[Test] Rollout 6 replicas, MaxSurge=3, MaxUnavailable=1, random(0)
[MS controller] Iteration 1, Reconcile ms1, 6/6 replicas (m1,m2,m3,m4,m5,m6)
[MD controller] Iteration 1, Reconcile md
[MD controller] - Input to rollout planner
  md, 6/6 replicas
  - ms1, 6/6 replicas (m1,m2,m3,m4,m5,m6)
[MD controller] - Result of rollout planner
  md, 6/6 replicas
  - ms1, 6/5 replicas (m1,m2,m3,m4,m5,m6)
  - ms2, 0/3 replicas ()
[MS controller] Iteration 1, Reconcile ms1, 6/5 replicas (m1,m2,m3,m4,m5,m6)
[MS controller] - ms1 scale down to 5/5 replicas (m1 deleted)
[MS controller] Iteration 2, Reconcile ms2, 0/3 replicas ()
[MS controller] - ms2 scale up to 3/3 replicas (m7,m8,m9 created)
[MD controller] Iteration 2, Reconcile md
[MD controller] - Input to rollout planner
  md, 6/6 replicas
  - ms1, 5/5 replicas (m2,m3,m4,m5,m6)
  - ms2, 3/3 replicas (m7,m8,m9)
[MD controller] - Result of rollout planner
  md, 8/6 replicas
  - ms1, 5/2 replicas (m2,m3,m4,m5,m6)
  - ms2, 3/4 replicas (m7,m8,m9)
[MS controller] Iteration 2, Reconcile ms1, 5/2 replicas (m2,m3,m4,m5,m6)
[MS controller] - ms1 scale down to 2/2 replicas (m2,m3,m4 deleted)
[User] scale up MD to 12 replicas
[MS controller] Iteration 3, Reconcile ms2, 3/4 replicas (m7,m8,m9)
[MS controller] - ms2 scale up to 4/4 replicas (m10 created)
[MS controller] Iteration 3, Reconcile ms1, 2/2 replicas (m5,m6)
[MD controller] Iteration 3, Reconcile md
[MD controller] - Input to rollout planner
  md, 8/12 replicas
  - ms1, 2/2 replicas (m5,m6)
  - ms2, 4/4 replicas (m7,m8,m9,m10)
[MD controller] - Result of rollout planner
  md, 6/12 replicas
  - ms1, 2/2 replicas (m5,m6)
  - ms2, 4/12 replicas (m7,m8,m9,m10)
[Toleration] tolerate minAvailable breach after scale up
[MD controller] Iteration 4, Reconcile md
[MD controller] - Input to rollout planner
  md, 6/12 replicas
  - ms1, 2/2 replicas (m5,m6)
  - ms2, 4/12 replicas (m7,m8,m9,m10)
[MD controller] - Result of rollout planner
  md, 6/12 replicas
  - ms1, 2/2 replicas (m5,m6)
  - ms2, 4/12 replicas (m7,m8,m9,m10)
[Toleration] tolerate minAvailable breach after scale up
[MS controller] Iteration 4, Reconcile ms2, 4/12 replicas (m7,m8,m9,m10)
[MS controller] - ms2 scale up to 12/12 replicas (m11,m12,m13,m14,m15,m16,m17,m18 created)
[MD controller] Iteration 4, Reconcile md
[MD controller] - Input to rollout planner
  md, 6/12 replicas
  - ms1, 2/2 replicas (m5,m6)
  - ms2, 12/12 replicas (m7,m8,m9,m10,m11,m12,m13,m14,m15,m16,m17,m18)
[MD controller] - Result of rollout planner
  md, 14/12 replicas
  - ms1, 2/0 replicas (m5,m6)
  - ms2, 12/12 replicas (m7,m8,m9,m10,m11,m12,m13,m14,m15,m16,m17,m18)
[MS controller] Iteration 4, Reconcile ms1, 2/0 replicas (m5,m6)
[MS controller] - ms1 scale down to 0/0 replicas (m5,m6 deleted)
[MS controller] Iteration 5, Reconcile ms2, 12/12 replicas (m7,m8,m9,m10,m11,m12,m13,m14,m15,m16,m17,m18)
[MD controller] Iteration 5, Reconcile md
[MD controller] - Input to rollout planner
  md, 14/12 replicas
  - ms1, 0/0 replicas ()
  - ms2, 12/12 replicas (m7,m8,m9,m10,m11,m12,m13,m14,m15,m16,m17,m18)
[MD controller] - Result of rollout planner
  md, 12/12 replicas
  - ms1, 0/0 replicas ()
  - ms2, 12/12 replicas (m7,m8,m9,m10,m11,m12,m13,m14,m15,m16,m17,m18)
[Test] Final state
  md, 12/12 replicas
  - ms1, 0/0 replicas ()
  - ms2, 12/12 replicas (m7,m8,m9,m10,m11,m12,m13,m14,m15,m16,m17,m18)
