## Regular rollout, 6 Replicas, maxSurge 3, MaxUnavailable 1, scale up to 12, random(0)

[Test] Initial state
  md, 12/12 replicas
  - ms1, 0/0 replicas ()
  - ms2, 12/12 replicas (m7,m8,m9,m10,m11,m12,m13,m14,m15,m16,m17,m18)
[Test] Rollout 0 replicas, MaxSurge=3, MaxUnavailable=1, random(0)
[MS controller] Iteration 1, Reconcile ms2, 12/12 replicas (m7,m8,m9,m10,m11,m12,m13,m14,m15,m16,m17,m18)
[MD controller] Iteration 1, Reconcile md
[MD controller] - Input to rollout planner
  md, 12/12 replicas
  - ms1, 0/0 replicas ()
  - ms2, 12/12 replicas (m7,m8,m9,m10,m11,m12,m13,m14,m15,m16,m17,m18)
[MD controller] - Result of rollout planner
  md, 12/12 replicas
  - ms1, 0/0 replicas ()
  - ms2, 12/12 replicas (m7,m8,m9,m10,m11,m12,m13,m14,m15,m16,m17,m18)
[Test] Final state
  md, 12/12 replicas
  - ms1, 0/0 replicas ()
  - ms2, 12/12 replicas (m7,m8,m9,m10,m11,m12,m13,m14,m15,m16,m17,m18)
