## 6 Replicas, In-place  maxSurge 3, MaxUnavailable 1

[Test] Initial state
  md, 6/6 replicas
  - ms1, 6/6 replicas (m1,m2,m3,m4,m5,m6)
[Test] Rollout 6 replicas, MaxSurge=3, MaxUnavailable=1
[MS controller] Iteration 1, Reconcile ms1, 6/6 replicas (m1,m2,m3,m4,m5,m6)
[MD controller] Iteration 1, Reconcile md
[MD controller] - Input to rollout planner
  md, 6/6 replicas
  - ms1, 6/6 replicas (m1,m2,m3,m4,m5,m6)
[MD controller] - Result of rollout planner
  md, 6/6 replicas
  - ms1, 6/5 replicas (m1,m2,m3,m4,m5,m6 => ms2)
  - ms2, 0/0 replicas ( <= ms1)
[MS controller] Iteration 1, Reconcile ms1, 6/5 replicas (m1,m2,m3,m4,m5,m6 => ms2)
[MS controller] - ms1 scale down to 5/5 replicas (m1 moved to ms2)
[MS controller] Iteration 2, Reconcile ms2, 0/0 replicas (m1🟠🟡 <= ms1)
[MS controller] - Replicas m1 moved from an old MachineSet still pending acknowledge from machine deployment md
[MD controller] Iteration 2, Reconcile md
[MD controller] - Input to rollout planner
  md, 6/6 replicas
  - ms1, 5/5 replicas (m2,m3,m4,m5,m6 => ms2)
  - ms2, 1/0 replicas (m1🟠🟡 <= ms1)
[MD controller] - Result of rollout planner
  md, 6/6 replicas
  - ms1, 5/5 replicas (m2,m3,m4,m5,m6 => ms2)
  - ms2, 1/1 replicas (m1🟡 <= ms1)
[MS controller] Iteration 2, Reconcile ms1, 5/5 replicas (m2,m3,m4,m5,m6 => ms2)
[MS controller] Iteration 3, Reconcile ms2, 1/1 replicas (m1🟡 <= ms1)
[MS controller] Iteration 3, Reconcile ms1, 5/5 replicas (m2,m3,m4,m5,m6 => ms2)
[MD controller] Iteration 3, Reconcile md
[MD controller] - Input to rollout planner
  md, 6/6 replicas
  - ms1, 5/5 replicas (m2,m3,m4,m5,m6 => ms2)
  - ms2, 1/1 replicas (m1🟡 <= ms1)
[MD controller] - Result of rollout planner
  md, 6/6 replicas
  - ms1, 5/5 replicas (m2,m3,m4,m5,m6 => ms2)
  - ms2, 1/1 replicas (m1🟡 <= ms1)
[MD controller] Iteration 4, Reconcile md
[MD controller] - Input to rollout planner
  md, 6/6 replicas
  - ms1, 5/5 replicas (m2,m3,m4,m5,m6 => ms2)
  - ms2, 1/1 replicas (m1🟡 <= ms1)
[MD controller] - Result of rollout planner
  md, 6/6 replicas
  - ms1, 5/5 replicas (m2,m3,m4,m5,m6 => ms2)
  - ms2, 1/1 replicas (m1🟡 <= ms1)
[MS controller] Iteration 4, Reconcile ms2, 1/1 replicas (m1🟡 <= ms1)
[MS controller] - Replicas m1 completed in place update
[MD controller] Iteration 4, Reconcile md
[MD controller] - Input to rollout planner
  md, 6/6 replicas
  - ms1, 5/5 replicas (m2,m3,m4,m5,m6 => ms2)
  - ms2, 1/1 replicas (m1 <= ms1)
[MD controller] - Result of rollout planner
  md, 6/6 replicas
  - ms1, 5/4 replicas (m2,m3,m4,m5,m6 => ms2)
  - ms2, 1/1 replicas (m1 <= ms1)
[MS controller] Iteration 4, Reconcile ms1, 5/4 replicas (m2,m3,m4,m5,m6 => ms2)
[MS controller] - ms1 scale down to 4/4 replicas (m2 moved to ms2)
[MS controller] Iteration 5, Reconcile ms2, 1/1 replicas (m1,m2🟠🟡 <= ms1)
[MS controller] - Replicas m2 moved from an old MachineSet still pending acknowledge from machine deployment md
[MD controller] Iteration 5, Reconcile md
[MD controller] - Input to rollout planner
  md, 6/6 replicas
  - ms1, 4/4 replicas (m3,m4,m5,m6 => ms2)
  - ms2, 2/1 replicas (m1,m2🟠🟡 <= ms1)
[MD controller] - Result of rollout planner
  md, 6/6 replicas
  - ms1, 4/4 replicas (m3,m4,m5,m6 => ms2)
  - ms2, 2/2 replicas (m1,m2🟡 <= ms1)
[MS controller] Iteration 6, Reconcile ms1, 4/4 replicas (m3,m4,m5,m6 => ms2)
[MS controller] Iteration 6, Reconcile ms2, 2/2 replicas (m1,m2🟡 <= ms1)
[MD controller] Iteration 6, Reconcile md
[MD controller] - Input to rollout planner
  md, 6/6 replicas
  - ms1, 4/4 replicas (m3,m4,m5,m6 => ms2)
  - ms2, 2/2 replicas (m1,m2🟡 <= ms1)
[MD controller] - Result of rollout planner
  md, 6/6 replicas
  - ms1, 4/4 replicas (m3,m4,m5,m6 => ms2)
  - ms2, 2/2 replicas (m1,m2🟡 <= ms1)
[MS controller] Iteration 6, Reconcile ms1, 4/4 replicas (m3,m4,m5,m6 => ms2)
[MS controller] Iteration 6, Reconcile ms1, 4/4 replicas (m3,m4,m5,m6 => ms2)
[MS controller] Iteration 6, Reconcile ms1, 4/4 replicas (m3,m4,m5,m6 => ms2)
[MS controller] Iteration 7, Reconcile ms1, 4/4 replicas (m3,m4,m5,m6 => ms2)
[MD controller] Iteration 8, Reconcile md
[MD controller] - Input to rollout planner
  md, 6/6 replicas
  - ms1, 4/4 replicas (m3,m4,m5,m6 => ms2)
  - ms2, 2/2 replicas (m1,m2🟡 <= ms1)
[MD controller] - Result of rollout planner
  md, 6/6 replicas
  - ms1, 4/4 replicas (m3,m4,m5,m6 => ms2)
  - ms2, 2/2 replicas (m1,m2🟡 <= ms1)
[MS controller] Iteration 8, Reconcile ms2, 2/2 replicas (m1,m2🟡 <= ms1)
[MS controller] - Replicas m2 completed in place update
[MS controller] Iteration 9, Reconcile ms1, 4/4 replicas (m3,m4,m5,m6 => ms2)
[MS controller] Iteration 9, Reconcile ms2, 2/2 replicas (m1,m2 <= ms1)
[MD controller] Iteration 10, Reconcile md
[MD controller] - Input to rollout planner
  md, 6/6 replicas
  - ms1, 4/4 replicas (m3,m4,m5,m6 => ms2)
  - ms2, 2/2 replicas (m1,m2 <= ms1)
[MD controller] - Result of rollout planner
  md, 6/6 replicas
  - ms1, 4/3 replicas (m3,m4,m5,m6 => ms2)
  - ms2, 2/2 replicas (m1,m2 <= ms1)
[MS controller] Iteration 10, Reconcile ms1, 4/3 replicas (m3,m4,m5,m6 => ms2)
[MS controller] - ms1 scale down to 3/3 replicas (m3 moved to ms2)
[MS controller] Iteration 10, Reconcile ms2, 2/2 replicas (m1,m2,m3🟠🟡 <= ms1)
[MS controller] - Replicas m3 moved from an old MachineSet still pending acknowledge from machine deployment md
[MS controller] Iteration 12, Reconcile ms2, 3/2 replicas (m1,m2,m3🟠🟡 <= ms1)
[MS controller] - Replicas m3 moved from an old MachineSet still pending acknowledge from machine deployment md
[MD controller] Iteration 12, Reconcile md
[MD controller] - Input to rollout planner
  md, 6/6 replicas
  - ms1, 3/3 replicas (m4,m5,m6 => ms2)
  - ms2, 3/2 replicas (m1,m2,m3🟠🟡 <= ms1)
[MD controller] - Result of rollout planner
  md, 6/6 replicas
  - ms1, 3/3 replicas (m4,m5,m6 => ms2)
  - ms2, 3/3 replicas (m1,m2,m3🟡 <= ms1)
[MS controller] Iteration 12, Reconcile ms1, 3/3 replicas (m4,m5,m6 => ms2)
[MS controller] Iteration 13, Reconcile ms2, 3/3 replicas (m1,m2,m3🟡 <= ms1)
[MS controller] Iteration 13, Reconcile ms1, 3/3 replicas (m4,m5,m6 => ms2)
[MD controller] Iteration 13, Reconcile md
[MD controller] - Input to rollout planner
  md, 6/6 replicas
  - ms1, 3/3 replicas (m4,m5,m6 => ms2)
  - ms2, 3/3 replicas (m1,m2,m3🟡 <= ms1)
[MD controller] - Result of rollout planner
  md, 6/6 replicas
  - ms1, 3/3 replicas (m4,m5,m6 => ms2)
  - ms2, 3/3 replicas (m1,m2,m3🟡 <= ms1)
[MS controller] Iteration 14, Reconcile ms2, 3/3 replicas (m1,m2,m3🟡 <= ms1)
[MS controller] - Replicas m3 completed in place update
[MS controller] Iteration 14, Reconcile ms1, 3/3 replicas (m4,m5,m6 => ms2)
[MS controller] Iteration 15, Reconcile ms1, 3/3 replicas (m4,m5,m6 => ms2)
[MS controller] Iteration 15, Reconcile ms2, 3/3 replicas (m1,m2,m3 <= ms1)
[MS controller] Iteration 16, Reconcile ms2, 3/3 replicas (m1,m2,m3 <= ms1)
[MS controller] Iteration 16, Reconcile ms1, 3/3 replicas (m4,m5,m6 => ms2)
[MS controller] Iteration 17, Reconcile ms1, 3/3 replicas (m4,m5,m6 => ms2)
[MS controller] Iteration 17, Reconcile ms2, 3/3 replicas (m1,m2,m3 <= ms1)
[MS controller] Iteration 18, Reconcile ms2, 3/3 replicas (m1,m2,m3 <= ms1)
[MD controller] Iteration 18, Reconcile md
[MD controller] - Input to rollout planner
  md, 6/6 replicas
  - ms1, 3/3 replicas (m4,m5,m6 => ms2)
  - ms2, 3/3 replicas (m1,m2,m3 <= ms1)
[MD controller] - Result of rollout planner
  md, 6/6 replicas
  - ms1, 3/2 replicas (m4,m5,m6 => ms2)
  - ms2, 3/3 replicas (m1,m2,m3 <= ms1)
[MS controller] Iteration 19, Reconcile ms1, 3/2 replicas (m4,m5,m6 => ms2)
[MS controller] - ms1 scale down to 2/2 replicas (m4 moved to ms2)
[MD controller] Iteration 19, Reconcile md
[MD controller] - Input to rollout planner
  md, 6/6 replicas
  - ms1, 2/2 replicas (m5,m6 => ms2)
  - ms2, 3/3 replicas (m1,m2,m3,m4🟠🟡 <= ms1)
[MD controller] - Result of rollout planner
  md, 5/6 replicas
  - ms1, 2/2 replicas (m5,m6 => ms2)
  - ms2, 3/4 replicas (m1,m2,m3,m4🟡 <= ms1)
[MS controller] Iteration 19, Reconcile ms2, 3/4 replicas (m1,m2,m3,m4🟡 <= ms1)
[MS controller] Iteration 20, Reconcile ms1, 2/2 replicas (m5,m6 => ms2)
[MD controller] Iteration 20, Reconcile md
[MD controller] - Input to rollout planner
  md, 5/6 replicas
  - ms1, 2/2 replicas (m5,m6 => ms2)
  - ms2, 4/4 replicas (m1,m2,m3,m4🟡 <= ms1)
[MD controller] - Result of rollout planner
  md, 6/6 replicas
  - ms1, 2/2 replicas (m5,m6 => ms2)
  - ms2, 4/4 replicas (m1,m2,m3,m4🟡 <= ms1)
[MS controller] Iteration 20, Reconcile ms2, 4/4 replicas (m1,m2,m3,m4🟡 <= ms1)
[MS controller] - Replicas m4 completed in place update
[MD controller] Iteration 20, Reconcile md
[MD controller] - Input to rollout planner
  md, 6/6 replicas
  - ms1, 2/2 replicas (m5,m6 => ms2)
  - ms2, 4/4 replicas (m1,m2,m3,m4 <= ms1)
[MD controller] - Result of rollout planner
  md, 6/6 replicas
  - ms1, 2/1 replicas (m5,m6 => ms2)
  - ms2, 4/4 replicas (m1,m2,m3,m4 <= ms1)
[MS controller] Iteration 21, Reconcile ms2, 4/4 replicas (m1,m2,m3,m4 <= ms1)
[MS controller] Iteration 22, Reconcile ms1, 2/1 replicas (m5,m6 => ms2)
[MS controller] - ms1 scale down to 1/1 replicas (m5 moved to ms2)
[MS controller] Iteration 22, Reconcile ms2, 4/4 replicas (m1,m2,m3,m4,m5🟠🟡 <= ms1)
[MS controller] - Replicas m5 moved from an old MachineSet still pending acknowledge from machine deployment md
[MD controller] Iteration 23, Reconcile md
[MD controller] - Input to rollout planner
  md, 6/6 replicas
  - ms1, 1/1 replicas (m6 => ms2)
  - ms2, 5/4 replicas (m1,m2,m3,m4,m5🟠🟡 <= ms1)
[MD controller] - Result of rollout planner
  md, 6/6 replicas
  - ms1, 1/1 replicas (m6 => ms2)
  - ms2, 5/5 replicas (m1,m2,m3,m4,m5🟡 <= ms1)
[MS controller] Iteration 23, Reconcile ms1, 1/1 replicas (m6 => ms2)
[MD controller] Iteration 24, Reconcile md
[MD controller] - Input to rollout planner
  md, 6/6 replicas
  - ms1, 1/1 replicas (m6 => ms2)
  - ms2, 5/5 replicas (m1,m2,m3,m4,m5🟡 <= ms1)
[MD controller] - Result of rollout planner
  md, 6/6 replicas
  - ms1, 1/1 replicas (m6 => ms2)
  - ms2, 5/5 replicas (m1,m2,m3,m4,m5🟡 <= ms1)
[MS controller] Iteration 24, Reconcile ms1, 1/1 replicas (m6 => ms2)
[MS controller] Iteration 24, Reconcile ms2, 5/5 replicas (m1,m2,m3,m4,m5🟡 <= ms1)
[MS controller] Iteration 25, Reconcile ms2, 5/5 replicas (m1,m2,m3,m4,m5🟡 <= ms1)
[MS controller] - Replicas m5 completed in place update
[MS controller] Iteration 25, Reconcile ms2, 5/5 replicas (m1,m2,m3,m4,m5 <= ms1)
[MS controller] Iteration 26, Reconcile ms2, 5/5 replicas (m1,m2,m3,m4,m5 <= ms1)
[MS controller] Iteration 27, Reconcile ms2, 5/5 replicas (m1,m2,m3,m4,m5 <= ms1)
[MS controller] Iteration 27, Reconcile ms1, 1/1 replicas (m6 => ms2)
[MS controller] Iteration 28, Reconcile ms1, 1/1 replicas (m6 => ms2)
[MD controller] Iteration 28, Reconcile md
[MD controller] - Input to rollout planner
  md, 6/6 replicas
  - ms1, 1/1 replicas (m6 => ms2)
  - ms2, 5/5 replicas (m1,m2,m3,m4,m5 <= ms1)
[MD controller] - Result of rollout planner
  md, 6/6 replicas
  - ms1, 1/0 replicas (m6 => ms2)
  - ms2, 5/5 replicas (m1,m2,m3,m4,m5 <= ms1)
[MS controller] Iteration 29, Reconcile ms1, 1/0 replicas (m6 => ms2)
[MS controller] - ms1 scale down to 0/0 replicas (m6 moved to ms2)
[MS controller] Iteration 29, Reconcile ms2, 5/5 replicas (m1,m2,m3,m4,m5,m6🟠🟡 <= ms1)
[MS controller] - Replicas m6 moved from an old MachineSet still pending acknowledge from machine deployment md
[MS controller] Iteration 30, Reconcile ms2, 6/5 replicas (m1,m2,m3,m4,m5,m6🟠🟡 <= ms1)
[MS controller] - Replicas m6 moved from an old MachineSet still pending acknowledge from machine deployment md
[MS controller] Iteration 30, Reconcile ms1, 0/0 replicas ( => ms2)
[MS controller] Iteration 31, Reconcile ms2, 6/5 replicas (m1,m2,m3,m4,m5,m6🟠🟡 <= ms1)
[MS controller] - Replicas m6 moved from an old MachineSet still pending acknowledge from machine deployment md
[MS controller] Iteration 31, Reconcile ms1, 0/0 replicas ( => ms2)
[MS controller] Iteration 32, Reconcile ms2, 6/5 replicas (m1,m2,m3,m4,m5,m6🟠🟡 <= ms1)
[MS controller] - Replicas m6 moved from an old MachineSet still pending acknowledge from machine deployment md
[MS controller] Iteration 32, Reconcile ms1, 0/0 replicas ( => ms2)
[MS controller] Iteration 32, Reconcile ms1, 0/0 replicas ( => ms2)
[MS controller] Iteration 33, Reconcile ms1, 0/0 replicas ( => ms2)
[MS controller] Iteration 34, Reconcile ms1, 0/0 replicas ( => ms2)
[MD controller] Iteration 34, Reconcile md
[MD controller] - Input to rollout planner
  md, 6/6 replicas
  - ms1, 0/0 replicas ( => ms2)
  - ms2, 6/5 replicas (m1,m2,m3,m4,m5,m6🟠🟡 <= ms1)
[MD controller] - Result of rollout planner
  md, 6/6 replicas
  - ms1, 0/0 replicas ()
  - ms2, 6/6 replicas (m1,m2,m3,m4,m5,m6🟡)
[MD controller] Iteration 34, Reconcile md
[MD controller] - Input to rollout planner
  md, 6/6 replicas
  - ms1, 0/0 replicas ()
  - ms2, 6/6 replicas (m1,m2,m3,m4,m5,m6🟡)
[MD controller] - Result of rollout planner
  md, 6/6 replicas
  - ms1, 0/0 replicas ()
  - ms2, 6/6 replicas (m1,m2,m3,m4,m5,m6🟡)
[MS controller] Iteration 34, Reconcile ms2, 6/6 replicas (m1,m2,m3,m4,m5,m6🟡)
[MD controller] Iteration 35, Reconcile md
[MD controller] - Input to rollout planner
  md, 6/6 replicas
  - ms1, 0/0 replicas ()
  - ms2, 6/6 replicas (m1,m2,m3,m4,m5,m6🟡)
[MD controller] - Result of rollout planner
  md, 6/6 replicas
  - ms1, 0/0 replicas ()
  - ms2, 6/6 replicas (m1,m2,m3,m4,m5,m6🟡)
[MD controller] Iteration 35, Reconcile md
[MD controller] - Input to rollout planner
  md, 6/6 replicas
  - ms1, 0/0 replicas ()
  - ms2, 6/6 replicas (m1,m2,m3,m4,m5,m6🟡)
[MD controller] - Result of rollout planner
  md, 6/6 replicas
  - ms1, 0/0 replicas ()
  - ms2, 6/6 replicas (m1,m2,m3,m4,m5,m6🟡)
[MS controller] Iteration 36, Reconcile ms2, 6/6 replicas (m1,m2,m3,m4,m5,m6🟡)
[MS controller] - Replicas m6 completed in place update
[MD controller] Iteration 36, Reconcile md
[MD controller] - Input to rollout planner
  md, 6/6 replicas
  - ms1, 0/0 replicas ()
  - ms2, 6/6 replicas (m1,m2,m3,m4,m5,m6)
[MD controller] - Result of rollout planner
  md, 6/6 replicas
  - ms1, 0/0 replicas ()
  - ms2, 6/6 replicas (m1,m2,m3,m4,m5,m6)
[MS controller] Iteration 36, Reconcile ms2, 6/6 replicas (m1,m2,m3,m4,m5,m6)
[MS controller] Iteration 36, Reconcile ms1, 0/0 replicas ()
[Test] Final state
  md, 6/6 replicas
  - ms1, 0/0 replicas ()
  - ms2, 6/6 replicas (m1,m2,m3,m4,m5,m6)
