## 3 Replicas, Regular rollout, maxSurge 1, MaxUnavailable 1

[Test] Initial state
  md, 3/3 replicas
  - ms1, 3/3 replicas (m1,m2,m3)
[Test] Rollout 3 replicas, MaxSurge=1, MaxUnavailable=1
[MD controller] Iteration 1, Reconcile md
[MD controller] - Result of rollout planner
  md, 3/3 replicas
  - ms1, 3/2 replicas (m1,m2,m3)
  - ms2, 0/1 replicas ()
[MS controller] Iteration 1, Reconcile ms1
[MS controller] - ms1 scale down to 2/2 replicas (m1 deleted)
[MS controller] Iteration 1, Reconcile ms2
[MS controller] - ms2 scale up to 1/1 replicas (m4 created)
[MD controller] Iteration 2, Reconcile md
[MD controller] - Result of rollout planner
  md, 3/3 replicas
  - ms1, 2/1 replicas (m2,m3)
  - ms2, 1/2 replicas (m4)
[MS controller] Iteration 2, Reconcile ms1
[MS controller] - ms1 scale down to 1/1 replicas (m2 deleted)
[MS controller] Iteration 2, Reconcile ms2
[MS controller] - ms2 scale up to 2/2 replicas (m5 created)
[MD controller] Iteration 3, Reconcile md
[MD controller] - Result of rollout planner
  md, 3/3 replicas
  - ms1, 1/0 replicas (m3)
  - ms2, 2/3 replicas (m4,m5)
[MS controller] Iteration 3, Reconcile ms1
[MS controller] - ms1 scale down to 0/0 replicas (m3 deleted)
[MS controller] Iteration 3, Reconcile ms2
[MS controller] - ms2 scale up to 3/3 replicas (m6 created)
[Test] Final state
  md, 3/3 replicas
  - ms1, 0/0 replicas ()
  - ms2, 3/3 replicas (m4,m5,m6)
