## In-place rollout, 6 Replicas, maxSurge 10, MaxUnavailable 0, random(0)

[Test] Initial state
  md, 6/6 replicas
  - ms1, 6/6 replicas (m1,m2,m3,m4,m5,m6)
[Test] Rollout 6 replicas, MaxSurge=10, MaxUnavailable=0, random(0)
[MD controller] Iteration 1, Reconcile md
[MD controller] - Input to rollout planner
  md, 6/6 replicas
  - ms1, 6/6 replicas (m1,m2,m3,m4,m5,m6)
[MD controller] - Result of rollout planner
  md, 6/6 replicas
  - ms1, 6/6 replicas (m1,m2,m3,m4,m5,m6 => ms2)
  - ms2, 0/1 replicas ( <= ms1)
[MS controller] Iteration 1, Reconcile ms1, 6/6 replicas (m1,m2,m3,m4,m5,m6 => ms2)
[MS controller] Iteration 1, Reconcile ms2, 0/1 replicas ( <= ms1)
[MS controller] - ms2 scale up to 1/1 replicas (m7 created)
[MD controller] Iteration 2, Reconcile md
[MD controller] - Input to rollout planner
  md, 6/6 replicas
  - ms1, 6/6 replicas (m1,m2,m3,m4,m5,m6 => ms2)
  - ms2, 1/1 replicas (m7 <= ms1)
[MD controller] - Result of rollout planner
  md, 7/6 replicas
  - ms1, 6/5 replicas (m1,m2,m3,m4,m5,m6 => ms2)
  - ms2, 1/1 replicas (m7 <= ms1)
[MS controller] Iteration 2, Reconcile ms1, 6/5 replicas (m1,m2,m3,m4,m5,m6 => ms2)
[MS controller] - ms1 scale down to 5/5 replicas (m1 moved to ms2)
[MS controller] Iteration 2, Reconcile ms1, 5/5 replicas (m2,m3,m4,m5,m6 => ms2)
[MD controller] Iteration 3, Reconcile md
[MD controller] - Input to rollout planner
  md, 7/6 replicas
  - ms1, 5/5 replicas (m2,m3,m4,m5,m6 => ms2)
  - ms2, 1/1 replicas (m1🟠🟡,m7 <= ms1)
[MD controller] - Result of rollout planner
  md, 6/6 replicas
  - ms1, 5/5 replicas (m2,m3,m4,m5,m6 => ms2)
  - ms2, 1/2 replicas (m1🟡,m7 <= ms1)
[MS controller] Iteration 3, Reconcile ms2, 1/2 replicas (m1🟡,m7 <= ms1)
[MD controller] Iteration 4, Reconcile md
[MD controller] - Input to rollout planner
  md, 6/6 replicas
  - ms1, 5/5 replicas (m2,m3,m4,m5,m6 => ms2)
  - ms2, 2/2 replicas (m1🟡,m7 <= ms1)
[MD controller] - Result of rollout planner
  md, 7/6 replicas
  - ms1, 5/5 replicas (m2,m3,m4,m5,m6 => ms2)
  - ms2, 2/2 replicas (m1🟡,m7 <= ms1)
[MS controller] Iteration 4, Reconcile ms1, 5/5 replicas (m2,m3,m4,m5,m6 => ms2)
[MS controller] Iteration 4, Reconcile ms2, 2/2 replicas (m1🟡,m7 <= ms1)
[MS controller] - Replicas m1 completed in place update
[MS controller] Iteration 5, Reconcile ms2, 2/2 replicas (m1,m7 <= ms1)
[MD controller] Iteration 5, Reconcile md
[MD controller] - Input to rollout planner
  md, 7/6 replicas
  - ms1, 5/5 replicas (m2,m3,m4,m5,m6 => ms2)
  - ms2, 2/2 replicas (m1,m7 <= ms1)
[MD controller] - Result of rollout planner
  md, 7/6 replicas
  - ms1, 5/4 replicas (m2,m3,m4,m5,m6 => ms2)
  - ms2, 2/2 replicas (m1,m7 <= ms1)
[MS controller] Iteration 6, Reconcile ms2, 2/2 replicas (m1,m7 <= ms1)
[MD controller] Iteration 7, Reconcile md
[MD controller] - Input to rollout planner
  md, 7/6 replicas
  - ms1, 5/4 replicas (m2,m3,m4,m5,m6 => ms2)
  - ms2, 2/2 replicas (m1,m7 <= ms1)
[MD controller] - Result of rollout planner
  md, 7/6 replicas
  - ms1, 5/4 replicas (m2,m3,m4,m5,m6 => ms2)
  - ms2, 2/2 replicas (m1,m7 <= ms1)
[MS controller] Iteration 7, Reconcile ms2, 2/2 replicas (m1,m7 <= ms1)
[MD controller] Iteration 8, Reconcile md
[MD controller] - Input to rollout planner
  md, 7/6 replicas
  - ms1, 5/4 replicas (m2,m3,m4,m5,m6 => ms2)
  - ms2, 2/2 replicas (m1,m7 <= ms1)
[MD controller] - Result of rollout planner
  md, 7/6 replicas
  - ms1, 5/4 replicas (m2,m3,m4,m5,m6 => ms2)
  - ms2, 2/2 replicas (m1,m7 <= ms1)
[MS controller] Iteration 8, Reconcile ms1, 5/4 replicas (m2,m3,m4,m5,m6 => ms2)
[MS controller] - ms1 scale down to 4/4 replicas (m2 moved to ms2)
[MS controller] Iteration 9, Reconcile ms2, 2/2 replicas (m1,m2🟠🟡,m7 <= ms1)
[MS controller] - Replicas m2 moved from an old MachineSet still pending acknowledge from machine deployment md
[MS controller] Iteration 9, Reconcile ms1, 4/4 replicas (m3,m4,m5,m6 => ms2)
[MD controller] Iteration 9, Reconcile md
[MD controller] - Input to rollout planner
  md, 7/6 replicas
  - ms1, 4/4 replicas (m3,m4,m5,m6 => ms2)
  - ms2, 3/2 replicas (m1,m2🟠🟡,m7 <= ms1)
[MD controller] - Result of rollout planner
  md, 7/6 replicas
  - ms1, 4/4 replicas (m3,m4,m5,m6 => ms2)
  - ms2, 3/3 replicas (m1,m2🟡,m7 <= ms1)
[MS controller] Iteration 10, Reconcile ms2, 3/3 replicas (m1,m2🟡,m7 <= ms1)
[MS controller] Iteration 10, Reconcile ms1, 4/4 replicas (m3,m4,m5,m6 => ms2)
[MS controller] Iteration 11, Reconcile ms2, 3/3 replicas (m1,m2🟡,m7 <= ms1)
[MS controller] - Replicas m2 completed in place update
[MD controller] Iteration 11, Reconcile md
[MD controller] - Input to rollout planner
  md, 7/6 replicas
  - ms1, 4/4 replicas (m3,m4,m5,m6 => ms2)
  - ms2, 3/3 replicas (m1,m2,m7 <= ms1)
[MD controller] - Result of rollout planner
  md, 7/6 replicas
  - ms1, 4/3 replicas (m3,m4,m5,m6 => ms2)
  - ms2, 3/3 replicas (m1,m2,m7 <= ms1)
[MD controller] Iteration 12, Reconcile md
[MD controller] - Input to rollout planner
  md, 7/6 replicas
  - ms1, 4/3 replicas (m3,m4,m5,m6 => ms2)
  - ms2, 3/3 replicas (m1,m2,m7 <= ms1)
[MD controller] - Result of rollout planner
  md, 7/6 replicas
  - ms1, 4/3 replicas (m3,m4,m5,m6 => ms2)
  - ms2, 3/3 replicas (m1,m2,m7 <= ms1)
[MD controller] Iteration 14, Reconcile md
[MD controller] - Input to rollout planner
  md, 7/6 replicas
  - ms1, 4/3 replicas (m3,m4,m5,m6 => ms2)
  - ms2, 3/3 replicas (m1,m2,m7 <= ms1)
[MD controller] - Result of rollout planner
  md, 7/6 replicas
  - ms1, 4/3 replicas (m3,m4,m5,m6 => ms2)
  - ms2, 3/3 replicas (m1,m2,m7 <= ms1)
[MS controller] Iteration 15, Reconcile ms2, 3/3 replicas (m1,m2,m7 <= ms1)
[MS controller] Iteration 16, Reconcile ms2, 3/3 replicas (m1,m2,m7 <= ms1)
[MS controller] Iteration 16, Reconcile ms2, 3/3 replicas (m1,m2,m7 <= ms1)
[MS controller] Iteration 16, Reconcile ms1, 4/3 replicas (m3,m4,m5,m6 => ms2)
[MS controller] - ms1 scale down to 3/3 replicas (m3 moved to ms2)
[MD controller] Iteration 16, Reconcile md
[MD controller] - Input to rollout planner
  md, 7/6 replicas
  - ms1, 3/3 replicas (m4,m5,m6 => ms2)
  - ms2, 3/3 replicas (m1,m2,m3🟠🟡,m7 <= ms1)
[MD controller] - Result of rollout planner
  md, 6/6 replicas
  - ms1, 3/3 replicas (m4,m5,m6 => ms2)
  - ms2, 3/4 replicas (m1,m2,m3🟡,m7 <= ms1)
[MD controller] Iteration 17, Reconcile md
[MD controller] - Input to rollout planner
  md, 6/6 replicas
  - ms1, 3/3 replicas (m4,m5,m6 => ms2)
  - ms2, 3/4 replicas (m1,m2,m3🟡,m7 <= ms1)
[MD controller] - Result of rollout planner
  md, 6/6 replicas
  - ms1, 3/3 replicas (m4,m5,m6 => ms2)
  - ms2, 3/4 replicas (m1,m2,m3🟡,m7 <= ms1)
[MS controller] Iteration 17, Reconcile ms2, 3/4 replicas (m1,m2,m3🟡,m7 <= ms1)
[MS controller] Iteration 17, Reconcile ms1, 3/3 replicas (m4,m5,m6 => ms2)
[MS controller] Iteration 18, Reconcile ms2, 4/4 replicas (m1,m2,m3🟡,m7 <= ms1)
[MS controller] - Replicas m3 completed in place update
[MD controller] Iteration 18, Reconcile md
[MD controller] - Input to rollout planner
  md, 6/6 replicas
  - ms1, 3/3 replicas (m4,m5,m6 => ms2)
  - ms2, 4/4 replicas (m1,m2,m3,m7 <= ms1)
[MD controller] - Result of rollout planner
  md, 7/6 replicas
  - ms1, 3/2 replicas (m4,m5,m6 => ms2)
  - ms2, 4/4 replicas (m1,m2,m3,m7 <= ms1)
[MS controller] Iteration 18, Reconcile ms1, 3/2 replicas (m4,m5,m6 => ms2)
[MS controller] - ms1 scale down to 2/2 replicas (m4 moved to ms2)
[MS controller] Iteration 18, Reconcile ms1, 2/2 replicas (m5,m6 => ms2)
[MD controller] Iteration 19, Reconcile md
[MD controller] - Input to rollout planner
  md, 7/6 replicas
  - ms1, 2/2 replicas (m5,m6 => ms2)
  - ms2, 4/4 replicas (m1,m2,m3,m4🟠🟡,m7 <= ms1)
[MD controller] - Result of rollout planner
  md, 6/6 replicas
  - ms1, 2/2 replicas (m5,m6 => ms2)
  - ms2, 4/5 replicas (m1,m2,m3,m4🟡,m7 <= ms1)
[MS controller] Iteration 19, Reconcile ms2, 4/5 replicas (m1,m2,m3,m4🟡,m7 <= ms1)
[MS controller] Iteration 19, Reconcile ms1, 2/2 replicas (m5,m6 => ms2)
[MS controller] Iteration 20, Reconcile ms2, 5/5 replicas (m1,m2,m3,m4🟡,m7 <= ms1)
[MS controller] - Replicas m4 completed in place update
[MS controller] Iteration 20, Reconcile ms1, 2/2 replicas (m5,m6 => ms2)
[MS controller] Iteration 21, Reconcile ms1, 2/2 replicas (m5,m6 => ms2)
[MS controller] Iteration 21, Reconcile ms2, 5/5 replicas (m1,m2,m3,m4,m7 <= ms1)
[MS controller] Iteration 21, Reconcile ms1, 2/2 replicas (m5,m6 => ms2)
[MS controller] Iteration 21, Reconcile ms1, 2/2 replicas (m5,m6 => ms2)
[MS controller] Iteration 22, Reconcile ms2, 5/5 replicas (m1,m2,m3,m4,m7 <= ms1)
[MD controller] Iteration 22, Reconcile md
[MD controller] - Input to rollout planner
  md, 6/6 replicas
  - ms1, 2/2 replicas (m5,m6 => ms2)
  - ms2, 5/5 replicas (m1,m2,m3,m4,m7 <= ms1)
[MD controller] - Result of rollout planner
  md, 7/6 replicas
  - ms1, 2/1 replicas (m5,m6 => ms2)
  - ms2, 5/5 replicas (m1,m2,m3,m4,m7 <= ms1)
[MS controller] Iteration 22, Reconcile ms1, 2/1 replicas (m5,m6 => ms2)
[MS controller] - ms1 scale down to 1/1 replicas (m5 moved to ms2)
[MS controller] Iteration 23, Reconcile ms1, 1/1 replicas (m6 => ms2)
[MS controller] Iteration 23, Reconcile ms1, 1/1 replicas (m6 => ms2)
[MD controller] Iteration 23, Reconcile md
[MD controller] - Input to rollout planner
  md, 7/6 replicas
  - ms1, 1/1 replicas (m6 => ms2)
  - ms2, 5/5 replicas (m1,m2,m3,m4,m5🟠🟡,m7 <= ms1)
[MD controller] - Result of rollout planner
  md, 6/6 replicas
  - ms1, 1/1 replicas (m6 => ms2)
  - ms2, 5/6 replicas (m1,m2,m3,m4,m5🟡,m7 <= ms1)
[MS controller] Iteration 23, Reconcile ms2, 5/6 replicas (m1,m2,m3,m4,m5🟡,m7 <= ms1)
[MD controller] Iteration 24, Reconcile md
[MD controller] - Input to rollout planner
  md, 6/6 replicas
  - ms1, 1/1 replicas (m6 => ms2)
  - ms2, 6/6 replicas (m1,m2,m3,m4,m5🟡,m7 <= ms1)
[MD controller] - Result of rollout planner
  md, 7/6 replicas
  - ms1, 1/1 replicas (m6 => ms2)
  - ms2, 6/6 replicas (m1,m2,m3,m4,m5🟡,m7 <= ms1)
[MD controller] Iteration 25, Reconcile md
[MD controller] - Input to rollout planner
  md, 7/6 replicas
  - ms1, 1/1 replicas (m6 => ms2)
  - ms2, 6/6 replicas (m1,m2,m3,m4,m5🟡,m7 <= ms1)
[MD controller] - Result of rollout planner
  md, 7/6 replicas
  - ms1, 1/1 replicas (m6 => ms2)
  - ms2, 6/6 replicas (m1,m2,m3,m4,m5🟡,m7 <= ms1)
[MS controller] Iteration 25, Reconcile ms2, 6/6 replicas (m1,m2,m3,m4,m5🟡,m7 <= ms1)
[MS controller] - Replicas m5 completed in place update
[MS controller] Iteration 25, Reconcile ms1, 1/1 replicas (m6 => ms2)
[MS controller] Iteration 25, Reconcile ms2, 6/6 replicas (m1,m2,m3,m4,m5,m7 <= ms1)
[MD controller] Iteration 26, Reconcile md
[MD controller] - Input to rollout planner
  md, 7/6 replicas
  - ms1, 1/1 replicas (m6 => ms2)
  - ms2, 6/6 replicas (m1,m2,m3,m4,m5,m7 <= ms1)
[MD controller] - Result of rollout planner
  md, 7/6 replicas
  - ms1, 1/0 replicas (m6 => ms2)
  - ms2, 6/6 replicas (m1,m2,m3,m4,m5,m7 <= ms1)
[MD controller] Iteration 26, Reconcile md
[MD controller] - Input to rollout planner
  md, 7/6 replicas
  - ms1, 1/0 replicas (m6 => ms2)
  - ms2, 6/6 replicas (m1,m2,m3,m4,m5,m7 <= ms1)
[MD controller] - Result of rollout planner
  md, 7/6 replicas
  - ms1, 1/0 replicas (m6 => ms2)
  - ms2, 6/6 replicas (m1,m2,m3,m4,m5,m7 <= ms1)
[MS controller] Iteration 27, Reconcile ms1, 1/0 replicas (m6 => ms2)
[MS controller] - Move capped to 0 replicas to avoid unnecessary in-place upgrades
[MS controller] - ms1 scale down to 1/0 replicas ( moved to ms2)
[MS controller] - ms1 scale down to 0/0 replicas (m6 deleted)
[MS controller] Iteration 27, Reconcile ms2, 6/6 replicas (m1,m2,m3,m4,m5,m7 <= ms1)
[MD controller] Iteration 27, Reconcile md
[MD controller] - Input to rollout planner
  md, 7/6 replicas
  - ms1, 0/0 replicas ( => ms2)
  - ms2, 6/6 replicas (m1,m2,m3,m4,m5,m7 <= ms1)
[MD controller] - Result of rollout planner
  md, 6/6 replicas
  - ms1, 0/0 replicas ( => ms2)
  - ms2, 6/6 replicas (m1,m2,m3,m4,m5,m7 <= ms1)
[Test] Final state
  md, 6/6 replicas
  - ms1, 0/0 replicas ( => ms2)
  - ms2, 6/6 replicas (m1,m2,m3,m4,m5,m7 <= ms1)
