## In-place rollout, 12 Replicas, maxSurge 3, MaxUnavailable 1, scale down to 6, random(0)

[Test] Initial state
  md, 6/6 replicas
  - ms1, 9/9 replicas (m4,m5,m6,m7,m8,m9,m10,m11,m12)
  - ms2, 3/3 replicas (m1,m2,m3)
[Test] Rollout 12 replicas, MaxSurge=3, MaxUnavailable=1, random(0)
[MS controller] Iteration 1, Reconcile ms2, 3/3 replicas (m1,m2,m3)
[MS controller] Iteration 1, Reconcile ms1, 9/9 replicas (m4,m5,m6,m7,m8,m9,m10,m11,m12)
[MD controller] Iteration 1, Reconcile md
[MD controller] - Input to rollout planner
  md, 6/6 replicas
  - ms1, 9/9 replicas (m4,m5,m6,m7,m8,m9,m10,m11,m12)
  - ms2, 3/3 replicas (m1,m2,m3)
[MD controller] - Result of rollout planner
  md, 12/6 replicas
  - ms1, 9/2 replicas (m4,m5,m6,m7,m8,m9,m10,m11,m12 => ms2)
  - ms2, 3/3 replicas (m1,m2,m3 <= ms1)
[Toleration] tolerate maxSurge breach
[MS controller] Iteration 2, Reconcile ms1, 9/2 replicas (m4,m5,m6,m7,m8,m9,m10,m11,m12 => ms2)
[MS controller] - Move capped to 3 replicas to avoid unnecessary in-place upgrades
[MS controller] - ms1 scale down to 6/2 replicas (m4,m5,m6 moved to ms2)
[MS controller] - ms1 scale down to 2/2 replicas (m7,m8,m9,m10 deleted)
[MS controller] Iteration 2, Reconcile ms1, 2/2 replicas (m11,m12 => ms2)
[MD controller] Iteration 3, Reconcile md
[MD controller] - Input to rollout planner
  md, 12/6 replicas
  - ms1, 2/2 replicas (m11,m12 => ms2)
  - ms2, 3/3 replicas (m1,m2,m3,m4🟠🟡,m5🟠🟡,m6🟠🟡 <= ms1)
[MD controller] - Result of rollout planner
  md, 5/6 replicas
  - ms1, 2/2 replicas (m11,m12 => ms2)
  - ms2, 3/6 replicas (m1,m2,m3,m4🟡,m5🟡,m6🟡 <= ms1)
[MS controller] Iteration 3, Reconcile ms2, 3/6 replicas (m1,m2,m3,m4🟡,m5🟡,m6🟡 <= ms1)
[MD controller] Iteration 4, Reconcile md
[MD controller] - Input to rollout planner
  md, 5/6 replicas
  - ms1, 2/2 replicas (m11,m12 => ms2)
  - ms2, 6/6 replicas (m1,m2,m3,m4🟡,m5🟡,m6🟡 <= ms1)
[MD controller] - Result of rollout planner
  md, 8/6 replicas
  - ms1, 2/2 replicas (m11,m12 => ms2)
  - ms2, 6/6 replicas (m1,m2,m3,m4🟡,m5🟡,m6🟡 <= ms1)
[MS controller] Iteration 4, Reconcile ms1, 2/2 replicas (m11,m12 => ms2)
[MS controller] Iteration 4, Reconcile ms2, 6/6 replicas (m1,m2,m3,m4🟡,m5🟡,m6🟡 <= ms1)
[MS controller] - Replicas m4,m5,m6 completed in place update
[MS controller] Iteration 5, Reconcile ms2, 6/6 replicas (m1,m2,m3,m4,m5,m6 <= ms1)
[MD controller] Iteration 5, Reconcile md
[MD controller] - Input to rollout planner
  md, 8/6 replicas
  - ms1, 2/2 replicas (m11,m12 => ms2)
  - ms2, 6/6 replicas (m1,m2,m3,m4,m5,m6 <= ms1)
[MD controller] - Result of rollout planner
  md, 8/6 replicas
  - ms1, 2/0 replicas (m11,m12 => ms2)
  - ms2, 6/6 replicas (m1,m2,m3,m4,m5,m6 <= ms1)
[MS controller] Iteration 6, Reconcile ms2, 6/6 replicas (m1,m2,m3,m4,m5,m6 <= ms1)
[MD controller] Iteration 7, Reconcile md
[MD controller] - Input to rollout planner
  md, 8/6 replicas
  - ms1, 2/0 replicas (m11,m12 => ms2)
  - ms2, 6/6 replicas (m1,m2,m3,m4,m5,m6 <= ms1)
[MD controller] - Result of rollout planner
  md, 8/6 replicas
  - ms1, 2/0 replicas (m11,m12 => ms2)
  - ms2, 6/6 replicas (m1,m2,m3,m4,m5,m6 <= ms1)
[MS controller] Iteration 7, Reconcile ms2, 6/6 replicas (m1,m2,m3,m4,m5,m6 <= ms1)
[MD controller] Iteration 8, Reconcile md
[MD controller] - Input to rollout planner
  md, 8/6 replicas
  - ms1, 2/0 replicas (m11,m12 => ms2)
  - ms2, 6/6 replicas (m1,m2,m3,m4,m5,m6 <= ms1)
[MD controller] - Result of rollout planner
  md, 8/6 replicas
  - ms1, 2/0 replicas (m11,m12 => ms2)
  - ms2, 6/6 replicas (m1,m2,m3,m4,m5,m6 <= ms1)
[MS controller] Iteration 8, Reconcile ms1, 2/0 replicas (m11,m12 => ms2)
[MS controller] - Move capped to 0 replicas to avoid unnecessary in-place upgrades
[MS controller] - ms1 scale down to 2/0 replicas ( moved to ms2)
[MS controller] - ms1 scale down to 0/0 replicas (m11,m12 deleted)
[MS controller] Iteration 9, Reconcile ms2, 6/6 replicas (m1,m2,m3,m4,m5,m6 <= ms1)
[MS controller] Iteration 9, Reconcile ms1, 0/0 replicas ( => ms2)
[MD controller] Iteration 9, Reconcile md
[MD controller] - Input to rollout planner
  md, 8/6 replicas
  - ms1, 0/0 replicas ( => ms2)
  - ms2, 6/6 replicas (m1,m2,m3,m4,m5,m6 <= ms1)
[MD controller] - Result of rollout planner
  md, 6/6 replicas
  - ms1, 0/0 replicas ( => ms2)
  - ms2, 6/6 replicas (m1,m2,m3,m4,m5,m6 <= ms1)
[Test] Final state
  md, 6/6 replicas
  - ms1, 0/0 replicas ( => ms2)
  - ms2, 6/6 replicas (m1,m2,m3,m4,m5,m6 <= ms1)
