## In-place rollout, 3 Replicas, maxSurge 0, MaxUnavailable 1

[Test] Initial state
  md, 3/3 replicas
  - ms1, 3/3 replicas (m1,m2,m3)
[Test] Rollout 3 replicas, MaxSurge=0, MaxUnavailable=1
[MD controller] Iteration 1, Reconcile md
[MD controller] - Input to rollout planner
  md, 3/3 replicas
  - ms1, 3/3 replicas (m1,m2,m3)
[MD controller] - Result of rollout planner
  md, 3/3 replicas
  - ms1, 3/2 replicas (m1,m2,m3 => ms2)
  - ms2, 0/0 replicas ( <= ms1)
[MS controller] Iteration 1, Reconcile ms1, 3/2 replicas (m1,m2,m3 => ms2)
[MS controller] - ms1 scale down to 2/2 replicas (m1 moved to ms2)
[MS controller] Iteration 1, Reconcile ms2, 0/0 replicas (m1🟠🟡 <= ms1)
[MS controller] - Replicas m1 moved from an old MachineSet still pending acknowledge from machine deployment md
[MD controller] Iteration 2, Reconcile md
[MD controller] - Input to rollout planner
  md, 3/3 replicas
  - ms1, 2/2 replicas (m2,m3 => ms2)
  - ms2, 1/0 replicas (m1🟠🟡 <= ms1)
[MD controller] - Result of rollout planner
  md, 3/3 replicas
  - ms1, 2/2 replicas (m2,m3 => ms2)
  - ms2, 1/1 replicas (m1🟡 <= ms1)
[MS controller] Iteration 2, Reconcile ms1, 2/2 replicas (m2,m3 => ms2)
[MS controller] Iteration 2, Reconcile ms2, 1/1 replicas (m1🟡 <= ms1)
[MD controller] Iteration 3, Reconcile md
[MD controller] - Input to rollout planner
  md, 3/3 replicas
  - ms1, 2/2 replicas (m2,m3 => ms2)
  - ms2, 1/1 replicas (m1🟡 <= ms1)
[MD controller] - Result of rollout planner
  md, 3/3 replicas
  - ms1, 2/2 replicas (m2,m3 => ms2)
  - ms2, 1/1 replicas (m1🟡 <= ms1)
[MS controller] Iteration 3, Reconcile ms1, 2/2 replicas (m2,m3 => ms2)
[MS controller] Iteration 3, Reconcile ms2, 1/1 replicas (m1🟡 <= ms1)
[MS controller] - Replicas m1 completed in place update
[MD controller] Iteration 4, Reconcile md
[MD controller] - Input to rollout planner
  md, 3/3 replicas
  - ms1, 2/2 replicas (m2,m3 => ms2)
  - ms2, 1/1 replicas (m1 <= ms1)
[MD controller] - Result of rollout planner
  md, 3/3 replicas
  - ms1, 2/1 replicas (m2,m3 => ms2)
  - ms2, 1/1 replicas (m1 <= ms1)
[MS controller] Iteration 4, Reconcile ms1, 2/1 replicas (m2,m3 => ms2)
[MS controller] - ms1 scale down to 1/1 replicas (m2 moved to ms2)
[MS controller] Iteration 4, Reconcile ms2, 1/1 replicas (m1,m2🟠🟡 <= ms1)
[MS controller] - Replicas m2 moved from an old MachineSet still pending acknowledge from machine deployment md
[MD controller] Iteration 5, Reconcile md
[MD controller] - Input to rollout planner
  md, 3/3 replicas
  - ms1, 1/1 replicas (m3 => ms2)
  - ms2, 2/1 replicas (m1,m2🟠🟡 <= ms1)
[MD controller] - Result of rollout planner
  md, 3/3 replicas
  - ms1, 1/1 replicas (m3 => ms2)
  - ms2, 2/2 replicas (m1,m2🟡 <= ms1)
[MS controller] Iteration 5, Reconcile ms1, 1/1 replicas (m3 => ms2)
[MS controller] Iteration 5, Reconcile ms2, 2/2 replicas (m1,m2🟡 <= ms1)
[MD controller] Iteration 6, Reconcile md
[MD controller] - Input to rollout planner
  md, 3/3 replicas
  - ms1, 1/1 replicas (m3 => ms2)
  - ms2, 2/2 replicas (m1,m2🟡 <= ms1)
[MD controller] - Result of rollout planner
  md, 3/3 replicas
  - ms1, 1/1 replicas (m3 => ms2)
  - ms2, 2/2 replicas (m1,m2🟡 <= ms1)
[MS controller] Iteration 6, Reconcile ms1, 1/1 replicas (m3 => ms2)
[MS controller] Iteration 6, Reconcile ms2, 2/2 replicas (m1,m2🟡 <= ms1)
[MS controller] - Replicas m2 completed in place update
[MD controller] Iteration 7, Reconcile md
[MD controller] - Input to rollout planner
  md, 3/3 replicas
  - ms1, 1/1 replicas (m3 => ms2)
  - ms2, 2/2 replicas (m1,m2 <= ms1)
[MD controller] - Result of rollout planner
  md, 3/3 replicas
  - ms1, 1/0 replicas (m3 => ms2)
  - ms2, 2/2 replicas (m1,m2 <= ms1)
[MS controller] Iteration 7, Reconcile ms1, 1/0 replicas (m3 => ms2)
[MS controller] - ms1 scale down to 0/0 replicas (m3 moved to ms2)
[MS controller] Iteration 7, Reconcile ms2, 2/2 replicas (m1,m2,m3🟠🟡 <= ms1)
[MS controller] - Replicas m3 moved from an old MachineSet still pending acknowledge from machine deployment md
[MD controller] Iteration 8, Reconcile md
[MD controller] - Input to rollout planner
  md, 3/3 replicas
  - ms1, 0/0 replicas ( => ms2)
  - ms2, 3/2 replicas (m1,m2,m3🟠🟡 <= ms1)
[MD controller] - Result of rollout planner
  md, 3/3 replicas
  - ms1, 0/0 replicas ( => ms2)
  - ms2, 3/3 replicas (m1,m2,m3🟡 <= ms1)
[MS controller] Iteration 8, Reconcile ms1, 0/0 replicas ( => ms2)
[MS controller] Iteration 8, Reconcile ms2, 3/3 replicas (m1,m2,m3🟡 <= ms1)
[MD controller] Iteration 9, Reconcile md
[MD controller] - Input to rollout planner
  md, 3/3 replicas
  - ms1, 0/0 replicas ( => ms2)
  - ms2, 3/3 replicas (m1,m2,m3🟡 <= ms1)
[MD controller] - Result of rollout planner
  md, 3/3 replicas
  - ms1, 0/0 replicas ( => ms2)
  - ms2, 3/3 replicas (m1,m2,m3🟡 <= ms1)
[MS controller] Iteration 9, Reconcile ms1, 0/0 replicas ( => ms2)
[MS controller] Iteration 9, Reconcile ms2, 3/3 replicas (m1,m2,m3🟡 <= ms1)
[MS controller] - Replicas m3 completed in place update
[MD controller] Iteration 10, Reconcile md
[MD controller] - Input to rollout planner
  md, 3/3 replicas
  - ms1, 0/0 replicas ( => ms2)
  - ms2, 3/3 replicas (m1,m2,m3 <= ms1)
[MD controller] - Result of rollout planner
  md, 3/3 replicas
  - ms1, 0/0 replicas ( => ms2)
  - ms2, 3/3 replicas (m1,m2,m3 <= ms1)
[MS controller] Iteration 10, Reconcile ms1, 0/0 replicas ( => ms2)
[MS controller] Iteration 10, Reconcile ms2, 3/3 replicas (m1,m2,m3 <= ms1)
[Test] Final state
  md, 3/3 replicas
  - ms1, 0/0 replicas ( => ms2)
  - ms2, 3/3 replicas (m1,m2,m3 <= ms1)
