## In-place rollout, 6 Replicas, maxSurge 0, MaxUnavailable 10

[Test] Initial state
  md, 6/6 replicas
  - ms1, 6/6 replicas (m1,m2,m3,m4,m5,m6)
[Test] Rollout 6 replicas, MaxSurge=0, MaxUnavailable=10
[MD controller] Iteration 1, Reconcile md
[MD controller] - Input to rollout planner
  md, 6/6 replicas
  - ms1, 6/6 replicas (m1,m2,m3,m4,m5,m6)
[MD controller] - Result of rollout planner
  md, 6/6 replicas
  - ms1, 6/0 replicas (m1,m2,m3,m4,m5,m6 => ms2)
  - ms2, 0/0 replicas ( <= ms1)
[MS controller] Iteration 1, Reconcile ms1, 6/0 replicas (m1,m2,m3,m4,m5,m6 => ms2)
[MS controller] - ms1 scale down to 0/0 replicas (m1,m2,m3,m4,m5,m6 moved to ms2)
[MS controller] Iteration 1, Reconcile ms2, 0/0 replicas (m1🟠🟡,m2🟠🟡,m3🟠🟡,m4🟠🟡,m5🟠🟡,m6🟠🟡 <= ms1)
[MS controller] - Replicas m1,m2,m3,m4,m5,m6 moved from an old MachineSet still pending acknowledge from machine deployment md
[MD controller] Iteration 2, Reconcile md
[MD controller] - Input to rollout planner
  md, 6/6 replicas
  - ms1, 0/0 replicas ( => ms2)
  - ms2, 6/0 replicas (m1🟠🟡,m2🟠🟡,m3🟠🟡,m4🟠🟡,m5🟠🟡,m6🟠🟡 <= ms1)
[MD controller] - Result of rollout planner
  md, 6/6 replicas
  - ms1, 0/0 replicas ( => ms2)
  - ms2, 6/6 replicas (m1🟡,m2🟡,m3🟡,m4🟡,m5🟡,m6🟡 <= ms1)
[MS controller] Iteration 2, Reconcile ms1, 0/0 replicas ( => ms2)
[MS controller] Iteration 2, Reconcile ms2, 6/6 replicas (m1🟡,m2🟡,m3🟡,m4🟡,m5🟡,m6🟡 <= ms1)
[MD controller] Iteration 3, Reconcile md
[MD controller] - Input to rollout planner
  md, 6/6 replicas
  - ms1, 0/0 replicas ( => ms2)
  - ms2, 6/6 replicas (m1🟡,m2🟡,m3🟡,m4🟡,m5🟡,m6🟡 <= ms1)
[MD controller] - Result of rollout planner
  md, 6/6 replicas
  - ms1, 0/0 replicas ( => ms2)
  - ms2, 6/6 replicas (m1🟡,m2🟡,m3🟡,m4🟡,m5🟡,m6🟡 <= ms1)
[MS controller] Iteration 3, Reconcile ms1, 0/0 replicas ( => ms2)
[MS controller] Iteration 3, Reconcile ms2, 6/6 replicas (m1🟡,m2🟡,m3🟡,m4🟡,m5🟡,m6🟡 <= ms1)
[MS controller] - Replicas m1,m2,m3,m4,m5,m6 completed in place update
[MD controller] Iteration 4, Reconcile md
[MD controller] - Input to rollout planner
  md, 6/6 replicas
  - ms1, 0/0 replicas ( => ms2)
  - ms2, 6/6 replicas (m1,m2,m3,m4,m5,m6 <= ms1)
[MD controller] - Result of rollout planner
  md, 6/6 replicas
  - ms1, 0/0 replicas ( => ms2)
  - ms2, 6/6 replicas (m1,m2,m3,m4,m5,m6 <= ms1)
[MS controller] Iteration 4, Reconcile ms1, 0/0 replicas ( => ms2)
[MS controller] Iteration 4, Reconcile ms2, 6/6 replicas (m1,m2,m3,m4,m5,m6 <= ms1)
[Test] Final state
  md, 6/6 replicas
  - ms1, 0/0 replicas ( => ms2)
  - ms2, 6/6 replicas (m1,m2,m3,m4,m5,m6 <= ms1)
