## 12 Replicas, maxUserUnavailable 1,  scale down to 6, random(0)

[Test] Initial state
  md, 6/6 replicas
  - ms1, 9/9 replicas (m4,m5,m6,m7,m8,m9,m10,m11,m12)
  - ms2, 3/3 replicas (m13,m14,m15)
[Test] Rollout 12 replicas, onDeleteStrategy, random(0)
[M controller] Iteration 1, Reconcile m5
[M controller] Iteration 1, Reconcile m4
[M controller] Iteration 1, Reconcile m13
[MD controller] Iteration 1, Reconcile md
[MD controller] - Input to rollout planner
  md, 6/6 replicas
  - ms1, 9/9 replicas (m4,m5,m6,m7,m8,m9,m10,m11,m12)
  - ms2, 3/3 replicas (m13,m14,m15)
[MD controller] - Result of rollout planner
  md, 12/6 replicas
  - ms1, 9/3 replicas (m4,m5,m6,m7,m8,m9,m10,m11,m12)
  - ms2, 3/3 replicas (m13,m14,m15)
[MS controller] Iteration 1, Reconcile ms1, 9/3 replicas (m4,m5,m6,m7,m8,m9,m10,m11,m12)
[MS controller] - ms1 scale down to 3/3 replicas (m4,m5,m6,m7,m8,m9 deleted)
[M controller] Iteration 1, Reconcile m12
[M controller] Iteration 1, Reconcile m10
[MS controller] Iteration 1, Reconcile ms2, 3/3 replicas (m13,m14,m15)
[M controller] Iteration 2, Reconcile m13
[M controller] Iteration 2, Reconcile m11
[M controller] Iteration 2, Reconcile m10
[M controller] Iteration 2, Reconcile m13
[M controller] Iteration 2, Reconcile m10
[M controller] Iteration 2, Reconcile m12
[MS controller] Iteration 2, Reconcile ms2, 3/3 replicas (m13,m14,m15)
[MS controller] Iteration 3, Reconcile ms1, 3/3 replicas (m10,m11,m12)
[M controller] Iteration 3, Reconcile m14
[M controller] Iteration 3, Reconcile m14
[M controller] Iteration 3, Reconcile m13
[M controller] Iteration 3, Reconcile m10
[M controller] Iteration 3, Reconcile m10
[MS controller] Iteration 3, Reconcile ms2, 3/3 replicas (m13,m14,m15)
[M controller] Iteration 4, Reconcile m14
[MS controller] Iteration 4, Reconcile ms2, 3/3 replicas (m13,m14,m15)
[M controller] Iteration 4, Reconcile m13
[M controller] Iteration 4, Reconcile m11
[M controller] Iteration 4, Reconcile m10
[M controller] Iteration 4, Reconcile m12
[MS controller] Iteration 4, Reconcile ms1, 3/3 replicas (m10,m11,m12)
[M controller] Iteration 4, Reconcile m15
[MD controller] Iteration 4, Reconcile md
[MD controller] - Input to rollout planner
  md, 12/6 replicas
  - ms1, 3/3 replicas (m10,m11,m12)
  - ms2, 3/3 replicas (m13,m14,m15)
[MD controller] - Result of rollout planner
  md, 6/6 replicas
  - ms1, 3/3 replicas (m10,m11,m12)
  - ms2, 3/3 replicas (m13,m14,m15)
[MD controller] Iteration 5, Reconcile md
[MD controller] - Input to rollout planner
  md, 6/6 replicas
  - ms1, 3/3 replicas (m10,m11,m12)
  - ms2, 3/3 replicas (m13,m14,m15)
[MD controller] - Result of rollout planner
  md, 6/6 replicas
  - ms1, 3/3 replicas (m10,m11,m12)
  - ms2, 3/3 replicas (m13,m14,m15)
[M controller] Iteration 5, Reconcile m15
[M controller] Iteration 5, Reconcile m11
[M controller] Iteration 5, Reconcile m10
[M controller] Iteration 5, Reconcile m15
[User] Iteration 5, Deleting machine m12
[M controller] Iteration 5, Reconcile m13
[MS controller] Iteration 5, Reconcile ms1, 3/3 replicas (m10,m11,m12)
[M controller] Iteration 5, Reconcile m11
[M controller] Iteration 6, Reconcile m11
[MD controller] Iteration 6, Reconcile md
[MD controller] - Input to rollout planner
  md, 6/6 replicas
  - ms1, 3/3 replicas (m10,m11,m12)
  - ms2, 3/3 replicas (m13,m14,m15)
[MD controller] - Result of rollout planner
  md, 6/6 replicas
  - ms1, 3/3 replicas (m10,m11,m12)
  - ms2, 3/3 replicas (m13,m14,m15)
[MS controller] Iteration 6, Reconcile ms1, 3/3 replicas (m10,m11,m12)
[MS controller] Iteration 6, Reconcile ms2, 3/3 replicas (m13,m14,m15)
[M controller] Iteration 6, Reconcile m15
[M controller] Iteration 6, Reconcile m14
[M controller] Iteration 6, Reconcile m10
[MS controller] Iteration 6, Reconcile ms1, 3/3 replicas (m10,m11,m12)
[M controller] Iteration 6, Reconcile m12
[M controller] - m12 finalizer removed
[MD controller] Iteration 7, Reconcile md
[MD controller] - Input to rollout planner
  md, 6/6 replicas
  - ms1, 3/3 replicas (m10,m11)
  - ms2, 3/3 replicas (m13,m14,m15)
[MD controller] - Result of rollout planner
  md, 6/6 replicas
  - ms1, 3/3 replicas (m10,m11)
  - ms2, 3/3 replicas (m13,m14,m15)
[MS controller] Iteration 7, Reconcile ms1, 3/3 replicas (m10,m11)
[M controller] Iteration 7, Reconcile m14
[M controller] Iteration 7, Reconcile m15
[M controller] Iteration 7, Reconcile m11
[M controller] Iteration 7, Reconcile m13
[MD controller] Iteration 8, Reconcile md
[MD controller] - Input to rollout planner
  md, 6/6 replicas
  - ms1, 2/3 replicas (m10,m11)
  - ms2, 3/3 replicas (m13,m14,m15)
[MD controller] - Result of rollout planner
  md, 5/6 replicas
  - ms1, 2/2 replicas (m10,m11)
  - ms2, 3/3 replicas (m13,m14,m15)
[M controller] Iteration 8, Reconcile m10
[MS controller] Iteration 8, Reconcile ms2, 3/3 replicas (m13,m14,m15)
[M controller] Iteration 8, Reconcile m15
[MD controller] Iteration 9, Reconcile md
[MD controller] - Input to rollout planner
  md, 5/6 replicas
  - ms1, 2/2 replicas (m10,m11)
  - ms2, 3/3 replicas (m13,m14,m15)
[MD controller] - Result of rollout planner
  md, 5/6 replicas
  - ms1, 2/2 replicas (m10,m11)
  - ms2, 3/4 replicas (m13,m14,m15)
[M controller] Iteration 9, Reconcile m15
[MS controller] Iteration 9, Reconcile ms1, 2/2 replicas (m10,m11)
[M controller] Iteration 9, Reconcile m13
[MS controller] Iteration 9, Reconcile ms2, 3/4 replicas (m13,m14,m15)
[MS controller] - ms2 scale up to 4/4 replicas (m16 created)
[M controller] Iteration 9, Reconcile m11
[MS controller] Iteration 10, Reconcile ms1, 2/2 replicas (m10,m11)
[M controller] Iteration 10, Reconcile m10
[MS controller] Iteration 10, Reconcile ms1, 2/2 replicas (m10,m11)
[M controller] Iteration 10, Reconcile m14
[User] Iteration 10, Deleting machine m11
[MD controller] Iteration 10, Reconcile md
[MD controller] - Input to rollout planner
  md, 5/6 replicas
  - ms1, 2/2 replicas (m10,m11)
  - ms2, 4/4 replicas (m13,m14,m15,m16)
[MD controller] - Result of rollout planner
  md, 6/6 replicas
  - ms1, 2/2 replicas (m10,m11)
  - ms2, 4/4 replicas (m13,m14,m15,m16)
[MS controller] Iteration 11, Reconcile ms1, 2/2 replicas (m10,m11)
[M controller] Iteration 11, Reconcile m14
[M controller] Iteration 11, Reconcile m16
[M controller] Iteration 11, Reconcile m13
[MS controller] Iteration 11, Reconcile ms2, 4/4 replicas (m13,m14,m15,m16)
[MS controller] Iteration 11, Reconcile ms1, 2/2 replicas (m10,m11)
[M controller] Iteration 11, Reconcile m10
[M controller] Iteration 11, Reconcile m11
[M controller] - m11 finalizer removed
[M controller] Iteration 11, Reconcile m15
[MD controller] Iteration 11, Reconcile md
[MD controller] - Input to rollout planner
  md, 6/6 replicas
  - ms1, 2/2 replicas (m10)
  - ms2, 4/4 replicas (m13,m14,m15,m16)
[MD controller] - Result of rollout planner
  md, 6/6 replicas
  - ms1, 2/2 replicas (m10)
  - ms2, 4/4 replicas (m13,m14,m15,m16)
[M controller] Iteration 11, Reconcile m10
[M controller] Iteration 12, Reconcile m15
[MD controller] Iteration 12, Reconcile md
[MD controller] - Input to rollout planner
  md, 6/6 replicas
  - ms1, 2/2 replicas (m10)
  - ms2, 4/4 replicas (m13,m14,m15,m16)
[MD controller] - Result of rollout planner
  md, 6/6 replicas
  - ms1, 2/2 replicas (m10)
  - ms2, 4/4 replicas (m13,m14,m15,m16)
[MS controller] Iteration 12, Reconcile ms1, 2/2 replicas (m10)
[M controller] Iteration 12, Reconcile m13
[MS controller] Iteration 12, Reconcile ms2, 4/4 replicas (m13,m14,m15,m16)
[M controller] Iteration 12, Reconcile m15
[M controller] Iteration 12, Reconcile m14
[M controller] Iteration 13, Reconcile m14
[M controller] Iteration 13, Reconcile m15
[MS controller] Iteration 13, Reconcile ms2, 4/4 replicas (m13,m14,m15,m16)
[M controller] Iteration 13, Reconcile m13
[M controller] Iteration 13, Reconcile m16
[M controller] Iteration 13, Reconcile m10
[M controller] Iteration 14, Reconcile m16
[M controller] Iteration 14, Reconcile m13
[MD controller] Iteration 14, Reconcile md
[MD controller] - Input to rollout planner
  md, 6/6 replicas
  - ms1, 1/2 replicas (m10)
  - ms2, 4/4 replicas (m13,m14,m15,m16)
[MD controller] - Result of rollout planner
  md, 5/6 replicas
  - ms1, 1/1 replicas (m10)
  - ms2, 4/4 replicas (m13,m14,m15,m16)
[M controller] Iteration 14, Reconcile m10
[M controller] Iteration 14, Reconcile m15
[MS controller] Iteration 14, Reconcile ms1, 1/1 replicas (m10)
[MS controller] Iteration 14, Reconcile ms2, 4/4 replicas (m13,m14,m15,m16)
[M controller] Iteration 15, Reconcile m15
[M controller] Iteration 15, Reconcile m13
[MD controller] Iteration 15, Reconcile md
[MD controller] - Input to rollout planner
  md, 5/6 replicas
  - ms1, 1/1 replicas (m10)
  - ms2, 4/4 replicas (m13,m14,m15,m16)
[MD controller] - Result of rollout planner
  md, 5/6 replicas
  - ms1, 1/1 replicas (m10)
  - ms2, 4/5 replicas (m13,m14,m15,m16)
[M controller] Iteration 15, Reconcile m14
[M controller] Iteration 15, Reconcile m13
[MS controller] Iteration 15, Reconcile ms1, 1/1 replicas (m10)
[MS controller] Iteration 15, Reconcile ms2, 4/5 replicas (m13,m14,m15,m16)
[MS controller] - ms2 scale up to 5/5 replicas (m17 created)
[M controller] Iteration 16, Reconcile m15
[M controller] Iteration 16, Reconcile m14
[M controller] Iteration 16, Reconcile m10
[M controller] Iteration 16, Reconcile m17
[M controller] Iteration 16, Reconcile m17
[M controller] Iteration 16, Reconcile m10
[MD controller] Iteration 16, Reconcile md
[MD controller] - Input to rollout planner
  md, 5/6 replicas
  - ms1, 1/1 replicas (m10)
  - ms2, 5/5 replicas (m13,m14,m15,m16,m17)
[MD controller] - Result of rollout planner
  md, 6/6 replicas
  - ms1, 1/1 replicas (m10)
  - ms2, 5/5 replicas (m13,m14,m15,m16,m17)
[M controller] Iteration 16, Reconcile m13
[M controller] Iteration 16, Reconcile m16
[User] Iteration 17, Deleting machine m10
[M controller] Iteration 17, Reconcile m16
[M controller] Iteration 17, Reconcile m14
[M controller] Iteration 17, Reconcile m10
[M controller] - m10 finalizer removed
[MS controller] Iteration 17, Reconcile ms1, 1/1 replicas ()
[M controller] Iteration 17, Reconcile m16
[MD controller] Iteration 17, Reconcile md
[MD controller] - Input to rollout planner
  md, 6/6 replicas
  - ms1, 0/1 replicas ()
  - ms2, 5/5 replicas (m13,m14,m15,m16,m17)
[MD controller] - Result of rollout planner
  md, 5/6 replicas
  - ms1, 0/0 replicas ()
  - ms2, 5/5 replicas (m13,m14,m15,m16,m17)
[M controller] Iteration 17, Reconcile m17
[M controller] Iteration 18, Reconcile m17
[MD controller] Iteration 18, Reconcile md
[MD controller] - Input to rollout planner
  md, 5/6 replicas
  - ms1, 0/0 replicas ()
  - ms2, 5/5 replicas (m13,m14,m15,m16,m17)
[MD controller] - Result of rollout planner
  md, 5/6 replicas
  - ms1, 0/0 replicas ()
  - ms2, 5/6 replicas (m13,m14,m15,m16,m17)
[M controller] Iteration 18, Reconcile m13
[M controller] Iteration 18, Reconcile m15
[MS controller] Iteration 18, Reconcile ms1, 0/0 replicas ()
[M controller] Iteration 18, Reconcile m14
[MS controller] Iteration 19, Reconcile ms1, 0/0 replicas ()
[MS controller] Iteration 19, Reconcile ms2, 5/6 replicas (m13,m14,m15,m16,m17)
[MS controller] - ms2 scale up to 6/6 replicas (m18 created)
[M controller] Iteration 19, Reconcile m17
[M controller] Iteration 19, Reconcile m13
[M controller] Iteration 19, Reconcile m15
[M controller] Iteration 19, Reconcile m16
[M controller] Iteration 19, Reconcile m14
[M controller] Iteration 19, Reconcile m14
[MD controller] Iteration 19, Reconcile md
[MD controller] - Input to rollout planner
  md, 5/6 replicas
  - ms1, 0/0 replicas ()
  - ms2, 6/6 replicas (m13,m14,m15,m16,m17,m18)
[MD controller] - Result of rollout planner
  md, 6/6 replicas
  - ms1, 0/0 replicas ()
  - ms2, 6/6 replicas (m13,m14,m15,m16,m17,m18)
[Test] Final state
  md, 6/6 replicas
  - ms1, 0/0 replicas ()
  - ms2, 6/6 replicas (m13,m14,m15,m16,m17,m18)
