## 6 Replicas, maxUserUnavailable 1, scale up to 9, random(0)

[Test] Initial state
  md, 9/9 replicas
  - ms1, 3/3 replicas (m4,m5,m6)
  - ms2, 3/3 replicas (m7,m8,m9)
[Test] Rollout 6 replicas, onDeleteStrategy, random(0)
[M controller] Iteration 1, Reconcile m7
[M controller] Iteration 1, Reconcile m8
[M controller] Iteration 1, Reconcile m5
[M controller] Iteration 1, Reconcile m9
[M controller] Iteration 1, Reconcile m6
[M controller] Iteration 2, Reconcile m7
[M controller] Iteration 2, Reconcile m9
[M controller] Iteration 2, Reconcile m5
[MS controller] Iteration 2, Reconcile ms2, 3/3 replicas (m7,m8,m9)
[M controller] Iteration 2, Reconcile m6
[M controller] Iteration 3, Reconcile m7
[M controller] Iteration 3, Reconcile m8
[M controller] Iteration 3, Reconcile m5
[M controller] Iteration 3, Reconcile m4
[MS controller] Iteration 3, Reconcile ms1, 3/3 replicas (m4,m5,m6)
[M controller] Iteration 3, Reconcile m6
[MS controller] Iteration 3, Reconcile ms1, 3/3 replicas (m4,m5,m6)
[MS controller] Iteration 3, Reconcile ms2, 3/3 replicas (m7,m8,m9)
[M controller] Iteration 4, Reconcile m8
[MS controller] Iteration 4, Reconcile ms2, 3/3 replicas (m7,m8,m9)
[M controller] Iteration 4, Reconcile m7
[M controller] Iteration 4, Reconcile m5
[M controller] Iteration 4, Reconcile m4
[M controller] Iteration 4, Reconcile m6
[MS controller] Iteration 4, Reconcile ms1, 3/3 replicas (m4,m5,m6)
[M controller] Iteration 4, Reconcile m9
[MD controller] Iteration 4, Reconcile md
[MD controller] - Input to rollout planner
  md, 9/9 replicas
  - ms1, 3/3 replicas (m4,m5,m6)
  - ms2, 3/3 replicas (m7,m8,m9)
[MD controller] - Result of rollout planner
  md, 6/9 replicas
  - ms1, 3/3 replicas (m4,m5,m6)
  - ms2, 3/6 replicas (m7,m8,m9)
[MD controller] Iteration 5, Reconcile md
[MD controller] - Input to rollout planner
  md, 6/9 replicas
  - ms1, 3/3 replicas (m4,m5,m6)
  - ms2, 3/6 replicas (m7,m8,m9)
[MD controller] - Result of rollout planner
  md, 6/9 replicas
  - ms1, 3/3 replicas (m4,m5,m6)
  - ms2, 3/6 replicas (m7,m8,m9)
[M controller] Iteration 5, Reconcile m9
[M controller] Iteration 5, Reconcile m5
[M controller] Iteration 5, Reconcile m4
[M controller] Iteration 5, Reconcile m9
[M controller] Iteration 5, Reconcile m7
[MS controller] Iteration 5, Reconcile ms1, 3/3 replicas (m4,m5,m6)
[M controller] Iteration 5, Reconcile m5
[M controller] Iteration 6, Reconcile m4
[MD controller] Iteration 6, Reconcile md
[MD controller] - Input to rollout planner
  md, 6/9 replicas
  - ms1, 3/3 replicas (m4,m5,m6)
  - ms2, 3/6 replicas (m7,m8,m9)
[MD controller] - Result of rollout planner
  md, 6/9 replicas
  - ms1, 3/3 replicas (m4,m5,m6)
  - ms2, 3/6 replicas (m7,m8,m9)
[M controller] Iteration 6, Reconcile m5
[MS controller] Iteration 6, Reconcile ms1, 3/3 replicas (m4,m5,m6)
[M controller] Iteration 6, Reconcile m9
[M controller] Iteration 6, Reconcile m8
[M controller] Iteration 6, Reconcile m6
[M controller] Iteration 7, Reconcile m5
[MS controller] Iteration 7, Reconcile ms2, 3/6 replicas (m7,m8,m9)
[MS controller] - ms2 scale up to 6/6 replicas (m10,m11,m12 created)
[M controller] Iteration 7, Reconcile m4
[User] Iteration 7, Deleting machine m4
[MD controller] Iteration 7, Reconcile md
[MD controller] - Input to rollout planner
  md, 6/9 replicas
  - ms1, 3/3 replicas (m4,m5,m6)
  - ms2, 6/6 replicas (m7,m8,m9,m10,m11,m12)
[MD controller] - Result of rollout planner
  md, 9/9 replicas
  - ms1, 3/3 replicas (m4,m5,m6)
  - ms2, 6/6 replicas (m7,m8,m9,m10,m11,m12)
[M controller] Iteration 7, Reconcile m5
[M controller] Iteration 7, Reconcile m7
[M controller] Iteration 7, Reconcile m8
[M controller] Iteration 7, Reconcile m7
[M controller] Iteration 8, Reconcile m5
[M controller] Iteration 8, Reconcile m4
[M controller] - m4 finalizer removed
[MS controller] Iteration 8, Reconcile ms2, 6/6 replicas (m7,m8,m9,m10,m11,m12)
[MD controller] Iteration 8, Reconcile md
[MD controller] - Input to rollout planner
  md, 9/9 replicas
  - ms1, 3/3 replicas (m5,m6)
  - ms2, 6/6 replicas (m7,m8,m9,m10,m11,m12)
[MD controller] - Result of rollout planner
  md, 9/9 replicas
  - ms1, 3/3 replicas (m5,m6)
  - ms2, 6/6 replicas (m7,m8,m9,m10,m11,m12)
[M controller] Iteration 8, Reconcile m12
[MS controller] Iteration 8, Reconcile ms1, 3/3 replicas (m5,m6)
[M controller] Iteration 8, Reconcile m6
[M controller] Iteration 8, Reconcile m7
[M controller] Iteration 8, Reconcile m10
[M controller] Iteration 9, Reconcile m12
[M controller] Iteration 9, Reconcile m12
[M controller] Iteration 9, Reconcile m5
[M controller] Iteration 9, Reconcile m10
[M controller] Iteration 9, Reconcile m6
[M controller] Iteration 9, Reconcile m10
[M controller] Iteration 9, Reconcile m6
[M controller] Iteration 9, Reconcile m11
[M controller] Iteration 9, Reconcile m9
[M controller] Iteration 9, Reconcile m7
[M controller] Iteration 9, Reconcile m7
[M controller] Iteration 9, Reconcile m11
[M controller] Iteration 9, Reconcile m8
[M controller] Iteration 10, Reconcile m11
[MS controller] Iteration 10, Reconcile ms1, 2/3 replicas (m5,m6)
[M controller] Iteration 10, Reconcile m12
[M controller] Iteration 10, Reconcile m9
[M controller] Iteration 10, Reconcile m6
[MS controller] Iteration 10, Reconcile ms2, 6/6 replicas (m7,m8,m9,m10,m11,m12)
[M controller] Iteration 10, Reconcile m7
[MD controller] Iteration 10, Reconcile md
[MD controller] - Input to rollout planner
  md, 9/9 replicas
  - ms1, 2/3 replicas (m5,m6)
  - ms2, 6/6 replicas (m7,m8,m9,m10,m11,m12)
[MD controller] - Result of rollout planner
  md, 8/9 replicas
  - ms1, 2/2 replicas (m5,m6)
  - ms2, 6/6 replicas (m7,m8,m9,m10,m11,m12)
[M controller] Iteration 10, Reconcile m10
[M controller] Iteration 10, Reconcile m7
[M controller] Iteration 10, Reconcile m5
[M controller] Iteration 11, Reconcile m5
[M controller] Iteration 11, Reconcile m11
[MS controller] Iteration 11, Reconcile ms2, 6/6 replicas (m7,m8,m9,m10,m11,m12)
[M controller] Iteration 11, Reconcile m9
[MD controller] Iteration 11, Reconcile md
[MD controller] - Input to rollout planner
  md, 8/9 replicas
  - ms1, 2/2 replicas (m5,m6)
  - ms2, 6/6 replicas (m7,m8,m9,m10,m11,m12)
[MD controller] - Result of rollout planner
  md, 8/9 replicas
  - ms1, 2/2 replicas (m5,m6)
  - ms2, 6/7 replicas (m7,m8,m9,m10,m11,m12)
[MD controller] Iteration 11, Reconcile md
[MD controller] - Input to rollout planner
  md, 8/9 replicas
  - ms1, 2/2 replicas (m5,m6)
  - ms2, 6/7 replicas (m7,m8,m9,m10,m11,m12)
[MD controller] - Result of rollout planner
  md, 8/9 replicas
  - ms1, 2/2 replicas (m5,m6)
  - ms2, 6/7 replicas (m7,m8,m9,m10,m11,m12)
[M controller] Iteration 11, Reconcile m8
[M controller] Iteration 11, Reconcile m9
[MS controller] Iteration 11, Reconcile ms1, 2/2 replicas (m5,m6)
[M controller] Iteration 12, Reconcile m8
[MD controller] Iteration 12, Reconcile md
[MD controller] - Input to rollout planner
  md, 8/9 replicas
  - ms1, 2/2 replicas (m5,m6)
  - ms2, 6/7 replicas (m7,m8,m9,m10,m11,m12)
[MD controller] - Result of rollout planner
  md, 8/9 replicas
  - ms1, 2/2 replicas (m5,m6)
  - ms2, 6/7 replicas (m7,m8,m9,m10,m11,m12)
[M controller] Iteration 12, Reconcile m12
[M controller] Iteration 12, Reconcile m9
[M controller] Iteration 12, Reconcile m5
[MS controller] Iteration 12, Reconcile ms2, 6/7 replicas (m7,m8,m9,m10,m11,m12)
[MS controller] - ms2 scale up to 7/7 replicas (m13 created)
[M controller] Iteration 12, Reconcile m7
[M controller] Iteration 12, Reconcile m10
[M controller] Iteration 12, Reconcile m6
[MS controller] Iteration 12, Reconcile ms1, 2/2 replicas (m5,m6)
[MS controller] Iteration 12, Reconcile ms1, 2/2 replicas (m5,m6)
[M controller] Iteration 13, Reconcile m5
[M controller] Iteration 13, Reconcile m7
[MD controller] Iteration 13, Reconcile md
[MD controller] - Input to rollout planner
  md, 8/9 replicas
  - ms1, 2/2 replicas (m5,m6)
  - ms2, 7/7 replicas (m7,m8,m9,m10,m11,m12,m13)
[MD controller] - Result of rollout planner
  md, 9/9 replicas
  - ms1, 2/2 replicas (m5,m6)
  - ms2, 7/7 replicas (m7,m8,m9,m10,m11,m12,m13)
[MD controller] Iteration 13, Reconcile md
[MD controller] - Input to rollout planner
  md, 9/9 replicas
  - ms1, 2/2 replicas (m5,m6)
  - ms2, 7/7 replicas (m7,m8,m9,m10,m11,m12,m13)
[MD controller] - Result of rollout planner
  md, 9/9 replicas
  - ms1, 2/2 replicas (m5,m6)
  - ms2, 7/7 replicas (m7,m8,m9,m10,m11,m12,m13)
[M controller] Iteration 13, Reconcile m6
[M controller] Iteration 13, Reconcile m12
[M controller] Iteration 13, Reconcile m11
[M controller] Iteration 13, Reconcile m13
[MS controller] Iteration 13, Reconcile ms1, 2/2 replicas (m5,m6)
[User] Iteration 13, Deleting machine m6
[M controller] Iteration 13, Reconcile m8
[M controller] Iteration 13, Reconcile m11
[M controller] Iteration 14, Reconcile m7
[M controller] Iteration 14, Reconcile m8
[M controller] Iteration 14, Reconcile m5
[MD controller] Iteration 14, Reconcile md
[MD controller] - Input to rollout planner
  md, 9/9 replicas
  - ms1, 2/2 replicas (m5,m6)
  - ms2, 7/7 replicas (m7,m8,m9,m10,m11,m12,m13)
[MD controller] - Result of rollout planner
  md, 9/9 replicas
  - ms1, 2/2 replicas (m5,m6)
  - ms2, 7/7 replicas (m7,m8,m9,m10,m11,m12,m13)
[M controller] Iteration 14, Reconcile m12
[MS controller] Iteration 14, Reconcile ms1, 2/2 replicas (m5,m6)
[M controller] Iteration 14, Reconcile m11
[M controller] Iteration 14, Reconcile m13
[M controller] Iteration 14, Reconcile m13
[M controller] Iteration 14, Reconcile m10
[MS controller] Iteration 14, Reconcile ms1, 2/2 replicas (m5,m6)
[M controller] Iteration 14, Reconcile m9
[MS controller] Iteration 14, Reconcile ms2, 7/7 replicas (m7,m8,m9,m10,m11,m12,m13)
[MS controller] Iteration 15, Reconcile ms1, 2/2 replicas (m5,m6)
[MS controller] Iteration 15, Reconcile ms2, 7/7 replicas (m7,m8,m9,m10,m11,m12,m13)
[M controller] Iteration 15, Reconcile m6
[M controller] - m6 finalizer removed
[M controller] Iteration 15, Reconcile m7
[M controller] Iteration 15, Reconcile m12
[MD controller] Iteration 15, Reconcile md
[MD controller] - Input to rollout planner
  md, 9/9 replicas
  - ms1, 2/2 replicas (m5)
  - ms2, 7/7 replicas (m7,m8,m9,m10,m11,m12,m13)
[MD controller] - Result of rollout planner
  md, 9/9 replicas
  - ms1, 2/2 replicas (m5)
  - ms2, 7/7 replicas (m7,m8,m9,m10,m11,m12,m13)
[M controller] Iteration 15, Reconcile m11
[M controller] Iteration 15, Reconcile m11
[M controller] Iteration 15, Reconcile m11
[MD controller] Iteration 16, Reconcile md
[MD controller] - Input to rollout planner
  md, 9/9 replicas
  - ms1, 2/2 replicas (m5)
  - ms2, 7/7 replicas (m7,m8,m9,m10,m11,m12,m13)
[MD controller] - Result of rollout planner
  md, 9/9 replicas
  - ms1, 2/2 replicas (m5)
  - ms2, 7/7 replicas (m7,m8,m9,m10,m11,m12,m13)
[M controller] Iteration 16, Reconcile m11
[M controller] Iteration 16, Reconcile m9
[M controller] Iteration 16, Reconcile m5
[M controller] Iteration 16, Reconcile m13
[M controller] Iteration 16, Reconcile m5
[M controller] Iteration 16, Reconcile m12
[M controller] Iteration 16, Reconcile m5
[M controller] Iteration 16, Reconcile m8
[M controller] Iteration 16, Reconcile m13
[MS controller] Iteration 16, Reconcile ms2, 7/7 replicas (m7,m8,m9,m10,m11,m12,m13)
[M controller] Iteration 16, Reconcile m7
[M controller] Iteration 16, Reconcile m13
[M controller] Iteration 16, Reconcile m7
[M controller] Iteration 16, Reconcile m5
[M controller] Iteration 16, Reconcile m7
[M controller] Iteration 17, Reconcile m9
[M controller] Iteration 17, Reconcile m7
[M controller] Iteration 17, Reconcile m12
[MD controller] Iteration 17, Reconcile md
[MD controller] - Input to rollout planner
  md, 9/9 replicas
  - ms1, 2/2 replicas (m5)
  - ms2, 7/7 replicas (m7,m8,m9,m10,m11,m12,m13)
[MD controller] - Result of rollout planner
  md, 9/9 replicas
  - ms1, 2/2 replicas (m5)
  - ms2, 7/7 replicas (m7,m8,m9,m10,m11,m12,m13)
[M controller] Iteration 17, Reconcile m5
[MS controller] Iteration 17, Reconcile ms2, 7/7 replicas (m7,m8,m9,m10,m11,m12,m13)
[M controller] Iteration 17, Reconcile m5
[M controller] Iteration 17, Reconcile m10
[M controller] Iteration 17, Reconcile m11
[M controller] Iteration 17, Reconcile m8
[MS controller] Iteration 17, Reconcile ms1, 2/2 replicas (m5)
[MD controller] Iteration 18, Reconcile md
[MD controller] - Input to rollout planner
  md, 9/9 replicas
  - ms1, 1/2 replicas (m5)
  - ms2, 7/7 replicas (m7,m8,m9,m10,m11,m12,m13)
[MD controller] - Result of rollout planner
  md, 8/9 replicas
  - ms1, 1/1 replicas (m5)
  - ms2, 7/7 replicas (m7,m8,m9,m10,m11,m12,m13)
[M controller] Iteration 18, Reconcile m7
[M controller] Iteration 18, Reconcile m13
[MS controller] Iteration 18, Reconcile ms1, 1/1 replicas (m5)
[M controller] Iteration 18, Reconcile m11
[MS controller] Iteration 18, Reconcile ms1, 1/1 replicas (m5)
[M controller] Iteration 18, Reconcile m9
[M controller] Iteration 18, Reconcile m9
[MS controller] Iteration 19, Reconcile ms2, 7/7 replicas (m7,m8,m9,m10,m11,m12,m13)
[MD controller] Iteration 19, Reconcile md
[MD controller] - Input to rollout planner
  md, 8/9 replicas
  - ms1, 1/1 replicas (m5)
  - ms2, 7/7 replicas (m7,m8,m9,m10,m11,m12,m13)
[MD controller] - Result of rollout planner
  md, 8/9 replicas
  - ms1, 1/1 replicas (m5)
  - ms2, 7/8 replicas (m7,m8,m9,m10,m11,m12,m13)
[M controller] Iteration 19, Reconcile m5
[M controller] Iteration 19, Reconcile m8
[M controller] Iteration 19, Reconcile m10
[M controller] Iteration 19, Reconcile m12
[M controller] Iteration 19, Reconcile m12
[M controller] Iteration 20, Reconcile m12
[M controller] Iteration 20, Reconcile m5
[M controller] Iteration 20, Reconcile m9
[MS controller] Iteration 20, Reconcile ms2, 7/8 replicas (m7,m8,m9,m10,m11,m12,m13)
[MS controller] - ms2 scale up to 8/8 replicas (m14 created)
[MD controller] Iteration 20, Reconcile md
[MD controller] - Input to rollout planner
  md, 8/9 replicas
  - ms1, 1/1 replicas (m5)
  - ms2, 8/8 replicas (m7,m8,m9,m10,m11,m12,m13,m14)
[MD controller] - Result of rollout planner
  md, 9/9 replicas
  - ms1, 1/1 replicas (m5)
  - ms2, 8/8 replicas (m7,m8,m9,m10,m11,m12,m13,m14)
[M controller] Iteration 20, Reconcile m9
[M controller] Iteration 20, Reconcile m13
[MS controller] Iteration 20, Reconcile ms1, 1/1 replicas (m5)
[M controller] Iteration 20, Reconcile m10
[M controller] Iteration 20, Reconcile m11
[M controller] Iteration 21, Reconcile m9
[M controller] Iteration 21, Reconcile m5
[MD controller] Iteration 21, Reconcile md
[MD controller] - Input to rollout planner
  md, 9/9 replicas
  - ms1, 1/1 replicas (m5)
  - ms2, 8/8 replicas (m7,m8,m9,m10,m11,m12,m13,m14)
[MD controller] - Result of rollout planner
  md, 9/9 replicas
  - ms1, 1/1 replicas (m5)
  - ms2, 8/8 replicas (m7,m8,m9,m10,m11,m12,m13,m14)
[M controller] Iteration 21, Reconcile m14
[M controller] Iteration 21, Reconcile m8
[M controller] Iteration 21, Reconcile m5
[M controller] Iteration 21, Reconcile m13
[M controller] Iteration 21, Reconcile m10
[M controller] Iteration 21, Reconcile m11
[M controller] Iteration 21, Reconcile m5
[MS controller] Iteration 21, Reconcile ms2, 8/8 replicas (m7,m8,m9,m10,m11,m12,m13,m14)
[MD controller] Iteration 21, Reconcile md
[MD controller] - Input to rollout planner
  md, 9/9 replicas
  - ms1, 1/1 replicas (m5)
  - ms2, 8/8 replicas (m7,m8,m9,m10,m11,m12,m13,m14)
[MD controller] - Result of rollout planner
  md, 9/9 replicas
  - ms1, 1/1 replicas (m5)
  - ms2, 8/8 replicas (m7,m8,m9,m10,m11,m12,m13,m14)
[M controller] Iteration 21, Reconcile m9
[M controller] Iteration 22, Reconcile m9
[MD controller] Iteration 22, Reconcile md
[MD controller] - Input to rollout planner
  md, 9/9 replicas
  - ms1, 1/1 replicas (m5)
  - ms2, 8/8 replicas (m7,m8,m9,m10,m11,m12,m13,m14)
[MD controller] - Result of rollout planner
  md, 9/9 replicas
  - ms1, 1/1 replicas (m5)
  - ms2, 8/8 replicas (m7,m8,m9,m10,m11,m12,m13,m14)
[M controller] Iteration 22, Reconcile m11
[M controller] Iteration 22, Reconcile m7
[User] Iteration 22, Deleting machine m5
[M controller] Iteration 22, Reconcile m8
[MS controller] Iteration 22, Reconcile ms1, 1/1 replicas (m5)
[M controller] Iteration 22, Reconcile m7
[MS controller] Iteration 22, Reconcile ms1, 1/1 replicas (m5)
[MS controller] Iteration 22, Reconcile ms2, 8/8 replicas (m7,m8,m9,m10,m11,m12,m13,m14)
[M controller] Iteration 22, Reconcile m14
[M controller] Iteration 22, Reconcile m10
[MS controller] Iteration 23, Reconcile ms2, 8/8 replicas (m7,m8,m9,m10,m11,m12,m13,m14)
[M controller] Iteration 23, Reconcile m7
[M controller] Iteration 23, Reconcile m11
[M controller] Iteration 23, Reconcile m13
[M controller] Iteration 23, Reconcile m5
[M controller] - m5 finalizer removed
[M controller] Iteration 23, Reconcile m9
[M controller] Iteration 23, Reconcile m14
[M controller] Iteration 23, Reconcile m10
[M controller] Iteration 23, Reconcile m12
[MS controller] Iteration 23, Reconcile ms2, 8/8 replicas (m7,m8,m9,m10,m11,m12,m13,m14)
[MS controller] Iteration 23, Reconcile ms1, 1/1 replicas ()
[M controller] Iteration 23, Reconcile m14
[M controller] Iteration 24, Reconcile m11
[M controller] Iteration 24, Reconcile m10
[MS controller] Iteration 24, Reconcile ms1, 0/1 replicas ()
[M controller] Iteration 24, Reconcile m9
[M controller] Iteration 24, Reconcile m12
[MD controller] Iteration 24, Reconcile md
[MD controller] - Input to rollout planner
  md, 9/9 replicas
  - ms1, 0/1 replicas ()
  - ms2, 8/8 replicas (m7,m8,m9,m10,m11,m12,m13,m14)
[MD controller] - Result of rollout planner
  md, 8/9 replicas
  - ms1, 0/0 replicas ()
  - ms2, 8/8 replicas (m7,m8,m9,m10,m11,m12,m13,m14)
[MS controller] Iteration 24, Reconcile ms1, 0/0 replicas ()
[M controller] Iteration 24, Reconcile m9
[M controller] Iteration 25, Reconcile m8
[M controller] Iteration 25, Reconcile m14
[M controller] Iteration 25, Reconcile m7
[M controller] Iteration 25, Reconcile m7
[M controller] Iteration 25, Reconcile m13
[M controller] Iteration 25, Reconcile m12
[MD controller] Iteration 25, Reconcile md
[MD controller] - Input to rollout planner
  md, 8/9 replicas
  - ms1, 0/0 replicas ()
  - ms2, 8/8 replicas (m7,m8,m9,m10,m11,m12,m13,m14)
[MD controller] - Result of rollout planner
  md, 8/9 replicas
  - ms1, 0/0 replicas ()
  - ms2, 8/9 replicas (m7,m8,m9,m10,m11,m12,m13,m14)
[M controller] Iteration 25, Reconcile m9
[M controller] Iteration 26, Reconcile m14
[M controller] Iteration 26, Reconcile m7
[MD controller] Iteration 26, Reconcile md
[MD controller] - Input to rollout planner
  md, 8/9 replicas
  - ms1, 0/0 replicas ()
  - ms2, 8/9 replicas (m7,m8,m9,m10,m11,m12,m13,m14)
[MD controller] - Result of rollout planner
  md, 8/9 replicas
  - ms1, 0/0 replicas ()
  - ms2, 8/9 replicas (m7,m8,m9,m10,m11,m12,m13,m14)
[MS controller] Iteration 26, Reconcile ms2, 8/9 replicas (m7,m8,m9,m10,m11,m12,m13,m14)
[MS controller] - ms2 scale up to 9/9 replicas (m15 created)
[M controller] Iteration 26, Reconcile m12
[M controller] Iteration 26, Reconcile m11
[M controller] Iteration 26, Reconcile m10
[M controller] Iteration 26, Reconcile m7
[M controller] Iteration 26, Reconcile m10
[M controller] Iteration 27, Reconcile m15
[M controller] Iteration 27, Reconcile m7
[M controller] Iteration 27, Reconcile m13
[MS controller] Iteration 27, Reconcile ms1, 0/0 replicas ()
[M controller] Iteration 27, Reconcile m10
[M controller] Iteration 27, Reconcile m12
[MD controller] Iteration 27, Reconcile md
[MD controller] - Input to rollout planner
  md, 8/9 replicas
  - ms1, 0/0 replicas ()
  - ms2, 9/9 replicas (m7,m8,m9,m10,m11,m12,m13,m14,m15)
[MD controller] - Result of rollout planner
  md, 9/9 replicas
  - ms1, 0/0 replicas ()
  - ms2, 9/9 replicas (m7,m8,m9,m10,m11,m12,m13,m14,m15)
[M controller] Iteration 27, Reconcile m8
[MD controller] Iteration 27, Reconcile md
[MD controller] - Input to rollout planner
  md, 9/9 replicas
  - ms1, 0/0 replicas ()
  - ms2, 9/9 replicas (m7,m8,m9,m10,m11,m12,m13,m14,m15)
[MD controller] - Result of rollout planner
  md, 9/9 replicas
  - ms1, 0/0 replicas ()
  - ms2, 9/9 replicas (m7,m8,m9,m10,m11,m12,m13,m14,m15)
[M controller] Iteration 27, Reconcile m9
[MS controller] Iteration 27, Reconcile ms2, 9/9 replicas (m7,m8,m9,m10,m11,m12,m13,m14,m15)
[M controller] Iteration 27, Reconcile m13
[Test] Final state
  md, 9/9 replicas
  - ms1, 0/0 replicas ()
  - ms2, 9/9 replicas (m7,m8,m9,m10,m11,m12,m13,m14,m15)
