## 6 Replicas, maxUserUnavailable 1, scale up to 9

[Test] Initial state
  md, 9/9 replicas
  - ms1, 3/3 replicas (m4,m5,m6)
  - ms2, 3/3 replicas (m7,m8,m9)
[Test] Rollout 6 replicas, onDeleteStrategy
[MD controller] Iteration 1, Reconcile md
[MD controller] - Input to rollout planner
  md, 9/9 replicas
  - ms1, 3/3 replicas (m4,m5,m6)
  - ms2, 3/3 replicas (m7,m8,m9)
[MD controller] - Result of rollout planner
  md, 6/9 replicas
  - ms1, 3/3 replicas (m4,m5,m6)
  - ms2, 3/6 replicas (m7,m8,m9)
[MS controller] Iteration 1, Reconcile ms1, 3/3 replicas (m4,m5,m6)
[MS controller] Iteration 1, Reconcile ms2, 3/6 replicas (m7,m8,m9)
[MS controller] - ms2 scale up to 6/6 replicas (m10,m11,m12 created)
[User] Iteration 1, Deleting machine m4
[M controller] Iteration 1, Reconcile m4
[M controller] - m4 finalizer removed
[M controller] Iteration 1, Reconcile m5
[M controller] Iteration 1, Reconcile m6
[M controller] Iteration 1, Reconcile m7
[M controller] Iteration 1, Reconcile m8
[M controller] Iteration 1, Reconcile m9
[MD controller] Iteration 2, Reconcile md
[MD controller] - Input to rollout planner
  md, 6/9 replicas
  - ms1, 3/3 replicas (m5,m6)
  - ms2, 6/6 replicas (m7,m8,m9,m10,m11,m12)
[MD controller] - Result of rollout planner
  md, 9/9 replicas
  - ms1, 3/3 replicas (m5,m6)
  - ms2, 6/6 replicas (m7,m8,m9,m10,m11,m12)
[MS controller] Iteration 2, Reconcile ms1, 3/3 replicas (m5,m6)
[MS controller] Iteration 2, Reconcile ms2, 6/6 replicas (m7,m8,m9,m10,m11,m12)
[M controller] Iteration 2, Reconcile m5
[M controller] Iteration 2, Reconcile m6
[M controller] Iteration 2, Reconcile m7
[M controller] Iteration 2, Reconcile m8
[M controller] Iteration 2, Reconcile m9
[M controller] Iteration 2, Reconcile m10
[M controller] Iteration 2, Reconcile m11
[M controller] Iteration 2, Reconcile m12
[MD controller] Iteration 3, Reconcile md
[MD controller] - Input to rollout planner
  md, 9/9 replicas
  - ms1, 2/3 replicas (m5,m6)
  - ms2, 6/6 replicas (m7,m8,m9,m10,m11,m12)
[MD controller] - Result of rollout planner
  md, 8/9 replicas
  - ms1, 2/2 replicas (m5,m6)
  - ms2, 6/6 replicas (m7,m8,m9,m10,m11,m12)
[MS controller] Iteration 3, Reconcile ms1, 2/2 replicas (m5,m6)
[MS controller] Iteration 3, Reconcile ms2, 6/6 replicas (m7,m8,m9,m10,m11,m12)
[M controller] Iteration 3, Reconcile m5
[M controller] Iteration 3, Reconcile m6
[M controller] Iteration 3, Reconcile m7
[M controller] Iteration 3, Reconcile m8
[M controller] Iteration 3, Reconcile m9
[M controller] Iteration 3, Reconcile m10
[M controller] Iteration 3, Reconcile m11
[M controller] Iteration 3, Reconcile m12
[MD controller] Iteration 4, Reconcile md
[MD controller] - Input to rollout planner
  md, 8/9 replicas
  - ms1, 2/2 replicas (m5,m6)
  - ms2, 6/6 replicas (m7,m8,m9,m10,m11,m12)
[MD controller] - Result of rollout planner
  md, 8/9 replicas
  - ms1, 2/2 replicas (m5,m6)
  - ms2, 6/7 replicas (m7,m8,m9,m10,m11,m12)
[MS controller] Iteration 4, Reconcile ms1, 2/2 replicas (m5,m6)
[MS controller] Iteration 4, Reconcile ms2, 6/7 replicas (m7,m8,m9,m10,m11,m12)
[MS controller] - ms2 scale up to 7/7 replicas (m13 created)
[User] Iteration 4, Deleting machine m5
[M controller] Iteration 4, Reconcile m5
[M controller] - m5 finalizer removed
[M controller] Iteration 4, Reconcile m6
[M controller] Iteration 4, Reconcile m7
[M controller] Iteration 4, Reconcile m8
[M controller] Iteration 4, Reconcile m9
[M controller] Iteration 4, Reconcile m10
[M controller] Iteration 4, Reconcile m11
[M controller] Iteration 4, Reconcile m12
[MD controller] Iteration 5, Reconcile md
[MD controller] - Input to rollout planner
  md, 8/9 replicas
  - ms1, 2/2 replicas (m6)
  - ms2, 7/7 replicas (m7,m8,m9,m10,m11,m12,m13)
[MD controller] - Result of rollout planner
  md, 9/9 replicas
  - ms1, 2/2 replicas (m6)
  - ms2, 7/7 replicas (m7,m8,m9,m10,m11,m12,m13)
[MS controller] Iteration 5, Reconcile ms1, 2/2 replicas (m6)
[MS controller] Iteration 5, Reconcile ms2, 7/7 replicas (m7,m8,m9,m10,m11,m12,m13)
[M controller] Iteration 5, Reconcile m6
[M controller] Iteration 5, Reconcile m7
[M controller] Iteration 5, Reconcile m8
[M controller] Iteration 5, Reconcile m9
[M controller] Iteration 5, Reconcile m10
[M controller] Iteration 5, Reconcile m11
[M controller] Iteration 5, Reconcile m12
[M controller] Iteration 5, Reconcile m13
[MD controller] Iteration 6, Reconcile md
[MD controller] - Input to rollout planner
  md, 9/9 replicas
  - ms1, 1/2 replicas (m6)
  - ms2, 7/7 replicas (m7,m8,m9,m10,m11,m12,m13)
[MD controller] - Result of rollout planner
  md, 8/9 replicas
  - ms1, 1/1 replicas (m6)
  - ms2, 7/7 replicas (m7,m8,m9,m10,m11,m12,m13)
[MS controller] Iteration 6, Reconcile ms1, 1/1 replicas (m6)
[MS controller] Iteration 6, Reconcile ms2, 7/7 replicas (m7,m8,m9,m10,m11,m12,m13)
[M controller] Iteration 6, Reconcile m6
[M controller] Iteration 6, Reconcile m7
[M controller] Iteration 6, Reconcile m8
[M controller] Iteration 6, Reconcile m9
[M controller] Iteration 6, Reconcile m10
[M controller] Iteration 6, Reconcile m11
[M controller] Iteration 6, Reconcile m12
[M controller] Iteration 6, Reconcile m13
[MD controller] Iteration 7, Reconcile md
[MD controller] - Input to rollout planner
  md, 8/9 replicas
  - ms1, 1/1 replicas (m6)
  - ms2, 7/7 replicas (m7,m8,m9,m10,m11,m12,m13)
[MD controller] - Result of rollout planner
  md, 8/9 replicas
  - ms1, 1/1 replicas (m6)
  - ms2, 7/8 replicas (m7,m8,m9,m10,m11,m12,m13)
[MS controller] Iteration 7, Reconcile ms1, 1/1 replicas (m6)
[MS controller] Iteration 7, Reconcile ms2, 7/8 replicas (m7,m8,m9,m10,m11,m12,m13)
[MS controller] - ms2 scale up to 8/8 replicas (m14 created)
[User] Iteration 7, Deleting machine m6
[M controller] Iteration 7, Reconcile m6
[M controller] - m6 finalizer removed
[M controller] Iteration 7, Reconcile m7
[M controller] Iteration 7, Reconcile m8
[M controller] Iteration 7, Reconcile m9
[M controller] Iteration 7, Reconcile m10
[M controller] Iteration 7, Reconcile m11
[M controller] Iteration 7, Reconcile m12
[M controller] Iteration 7, Reconcile m13
[MD controller] Iteration 8, Reconcile md
[MD controller] - Input to rollout planner
  md, 8/9 replicas
  - ms1, 1/1 replicas ()
  - ms2, 8/8 replicas (m7,m8,m9,m10,m11,m12,m13,m14)
[MD controller] - Result of rollout planner
  md, 9/9 replicas
  - ms1, 1/1 replicas ()
  - ms2, 8/8 replicas (m7,m8,m9,m10,m11,m12,m13,m14)
[MS controller] Iteration 8, Reconcile ms1, 1/1 replicas ()
[MS controller] Iteration 8, Reconcile ms2, 8/8 replicas (m7,m8,m9,m10,m11,m12,m13,m14)
[M controller] Iteration 8, Reconcile m7
[M controller] Iteration 8, Reconcile m8
[M controller] Iteration 8, Reconcile m9
[M controller] Iteration 8, Reconcile m10
[M controller] Iteration 8, Reconcile m11
[M controller] Iteration 8, Reconcile m12
[M controller] Iteration 8, Reconcile m13
[M controller] Iteration 8, Reconcile m14
[MD controller] Iteration 9, Reconcile md
[MD controller] - Input to rollout planner
  md, 9/9 replicas
  - ms1, 0/1 replicas ()
  - ms2, 8/8 replicas (m7,m8,m9,m10,m11,m12,m13,m14)
[MD controller] - Result of rollout planner
  md, 8/9 replicas
  - ms1, 0/0 replicas ()
  - ms2, 8/8 replicas (m7,m8,m9,m10,m11,m12,m13,m14)
[MS controller] Iteration 9, Reconcile ms1, 0/0 replicas ()
[MS controller] Iteration 9, Reconcile ms2, 8/8 replicas (m7,m8,m9,m10,m11,m12,m13,m14)
[M controller] Iteration 9, Reconcile m7
[M controller] Iteration 9, Reconcile m8
[M controller] Iteration 9, Reconcile m9
[M controller] Iteration 9, Reconcile m10
[M controller] Iteration 9, Reconcile m11
[M controller] Iteration 9, Reconcile m12
[M controller] Iteration 9, Reconcile m13
[M controller] Iteration 9, Reconcile m14
[MD controller] Iteration 10, Reconcile md
[MD controller] - Input to rollout planner
  md, 8/9 replicas
  - ms1, 0/0 replicas ()
  - ms2, 8/8 replicas (m7,m8,m9,m10,m11,m12,m13,m14)
[MD controller] - Result of rollout planner
  md, 8/9 replicas
  - ms1, 0/0 replicas ()
  - ms2, 8/9 replicas (m7,m8,m9,m10,m11,m12,m13,m14)
[MS controller] Iteration 10, Reconcile ms1, 0/0 replicas ()
[MS controller] Iteration 10, Reconcile ms2, 8/9 replicas (m7,m8,m9,m10,m11,m12,m13,m14)
[MS controller] - ms2 scale up to 9/9 replicas (m15 created)
[M controller] Iteration 10, Reconcile m7
[M controller] Iteration 10, Reconcile m8
[M controller] Iteration 10, Reconcile m9
[M controller] Iteration 10, Reconcile m10
[M controller] Iteration 10, Reconcile m11
[M controller] Iteration 10, Reconcile m12
[M controller] Iteration 10, Reconcile m13
[M controller] Iteration 10, Reconcile m14
[MD controller] Iteration 11, Reconcile md
[MD controller] - Input to rollout planner
  md, 8/9 replicas
  - ms1, 0/0 replicas ()
  - ms2, 9/9 replicas (m7,m8,m9,m10,m11,m12,m13,m14,m15)
[MD controller] - Result of rollout planner
  md, 9/9 replicas
  - ms1, 0/0 replicas ()
  - ms2, 9/9 replicas (m7,m8,m9,m10,m11,m12,m13,m14,m15)
[MS controller] Iteration 11, Reconcile ms1, 0/0 replicas ()
[MS controller] Iteration 11, Reconcile ms2, 9/9 replicas (m7,m8,m9,m10,m11,m12,m13,m14,m15)
[M controller] Iteration 11, Reconcile m7
[M controller] Iteration 11, Reconcile m8
[M controller] Iteration 11, Reconcile m9
[M controller] Iteration 11, Reconcile m10
[M controller] Iteration 11, Reconcile m11
[M controller] Iteration 11, Reconcile m12
[M controller] Iteration 11, Reconcile m13
[M controller] Iteration 11, Reconcile m14
[M controller] Iteration 11, Reconcile m15
[Test] Final state
  md, 9/9 replicas
  - ms1, 0/0 replicas ()
  - ms2, 9/9 replicas (m7,m8,m9,m10,m11,m12,m13,m14,m15)
