## 6 Replicas, maxUserUnavailable 1, change spec, random(0)

[Test] Initial state
  md, 6/6 replicas
  - ms1, 3/3 replicas (m4,m5,m6)
  - ms2, 3/3 replicas (m7,m8,m9)
  - ms3, 0/0 replicas ()
[Test] Rollout 6 replicas, onDeleteStrategy, random(0)
[M controller] Iteration 1, Reconcile m4
[M controller] Iteration 1, Reconcile m8
[M controller] Iteration 1, Reconcile m5
[MD controller] Iteration 1, Reconcile md
[MD controller] - Input to rollout planner
  md, 6/6 replicas
  - ms1, 3/3 replicas (m4,m5,m6)
  - ms2, 3/3 replicas (m7,m8,m9)
  - ms3, 0/0 replicas ()
[MD controller] - Result of rollout planner
  md, 6/6 replicas
  - ms1, 3/3 replicas (m4,m5,m6)
  - ms2, 3/3 replicas (m7,m8,m9)
  - ms3, 0/0 replicas ()
[M controller] Iteration 1, Reconcile m9
[User] Iteration 1, Deleting machine m8
[M controller] Iteration 1, Reconcile m6
[M controller] Iteration 1, Reconcile m6
[MS controller] Iteration 1, Reconcile ms3, 0/0 replicas ()
[M controller] Iteration 2, Reconcile m4
[M controller] Iteration 2, Reconcile m6
[M controller] Iteration 2, Reconcile m4
[M controller] Iteration 2, Reconcile m5
[MS controller] Iteration 2, Reconcile ms3, 0/0 replicas ()
[MD controller] Iteration 2, Reconcile md
[MD controller] - Input to rollout planner
  md, 6/6 replicas
  - ms1, 3/3 replicas (m4,m5,m6)
  - ms2, 3/3 replicas (m7,m8,m9)
  - ms3, 0/0 replicas ()
[MD controller] - Result of rollout planner
  md, 6/6 replicas
  - ms1, 3/3 replicas (m4,m5,m6)
  - ms2, 3/3 replicas (m7,m8,m9)
  - ms3, 0/0 replicas ()
[MS controller] Iteration 3, Reconcile ms3, 0/0 replicas ()
[MS controller] Iteration 3, Reconcile ms2, 3/3 replicas (m7,m8,m9)
[MS controller] Iteration 3, Reconcile ms1, 3/3 replicas (m4,m5,m6)
[M controller] Iteration 3, Reconcile m7
[M controller] Iteration 3, Reconcile m5
[M controller] Iteration 3, Reconcile m8
[M controller] - m8 finalizer removed
[MS controller] Iteration 3, Reconcile ms1, 3/3 replicas (m4,m5,m6)
[M controller] Iteration 3, Reconcile m6
[MD controller] Iteration 3, Reconcile md
[MD controller] - Input to rollout planner
  md, 6/6 replicas
  - ms1, 3/3 replicas (m4,m5,m6)
  - ms2, 3/3 replicas (m7,m9)
  - ms3, 0/0 replicas ()
[MD controller] - Result of rollout planner
  md, 6/6 replicas
  - ms1, 3/3 replicas (m4,m5,m6)
  - ms2, 3/3 replicas (m7,m9)
  - ms3, 0/0 replicas ()
[M controller] Iteration 4, Reconcile m9
[MS controller] Iteration 4, Reconcile ms3, 0/0 replicas ()
[M controller] Iteration 4, Reconcile m6
[MS controller] Iteration 4, Reconcile ms1, 3/3 replicas (m4,m5,m6)
[M controller] Iteration 4, Reconcile m7
[MD controller] Iteration 4, Reconcile md
[MD controller] - Input to rollout planner
  md, 6/6 replicas
  - ms1, 3/3 replicas (m4,m5,m6)
  - ms2, 3/3 replicas (m7,m9)
  - ms3, 0/0 replicas ()
[MD controller] - Result of rollout planner
  md, 6/6 replicas
  - ms1, 3/3 replicas (m4,m5,m6)
  - ms2, 3/3 replicas (m7,m9)
  - ms3, 0/0 replicas ()
[MS controller] Iteration 4, Reconcile ms1, 3/3 replicas (m4,m5,m6)
[M controller] Iteration 4, Reconcile m5
[MS controller] Iteration 4, Reconcile ms3, 0/0 replicas ()
[M controller] Iteration 4, Reconcile m4
[M controller] Iteration 5, Reconcile m7
[MS controller] Iteration 5, Reconcile ms2, 3/3 replicas (m7,m9)
[M controller] Iteration 5, Reconcile m6
[M controller] Iteration 5, Reconcile m4
[M controller] Iteration 5, Reconcile m5
[MS controller] Iteration 5, Reconcile ms1, 3/3 replicas (m4,m5,m6)
[M controller] Iteration 5, Reconcile m9
[MD controller] Iteration 5, Reconcile md
[MD controller] - Input to rollout planner
  md, 6/6 replicas
  - ms1, 3/3 replicas (m4,m5,m6)
  - ms2, 2/3 replicas (m7,m9)
  - ms3, 0/0 replicas ()
[MD controller] - Result of rollout planner
  md, 5/6 replicas
  - ms1, 3/3 replicas (m4,m5,m6)
  - ms2, 2/2 replicas (m7,m9)
  - ms3, 0/0 replicas ()
[MS controller] Iteration 5, Reconcile ms3, 0/0 replicas ()
[MD controller] Iteration 6, Reconcile md
[MD controller] - Input to rollout planner
  md, 5/6 replicas
  - ms1, 3/3 replicas (m4,m5,m6)
  - ms2, 2/2 replicas (m7,m9)
  - ms3, 0/0 replicas ()
[MD controller] - Result of rollout planner
  md, 5/6 replicas
  - ms1, 3/3 replicas (m4,m5,m6)
  - ms2, 2/2 replicas (m7,m9)
  - ms3, 0/1 replicas ()
[M controller] Iteration 6, Reconcile m9
[M controller] Iteration 6, Reconcile m4
[M controller] Iteration 6, Reconcile m9
[M controller] Iteration 6, Reconcile m6
[MS controller] Iteration 6, Reconcile ms3, 0/1 replicas ()
[MS controller] - ms3 scale up to 1/1 replicas (m10 created)
[MS controller] Iteration 6, Reconcile ms1, 3/3 replicas (m4,m5,m6)
[MS controller] Iteration 6, Reconcile ms3, 1/1 replicas (m10)
[M controller] Iteration 6, Reconcile m4
[M controller] Iteration 7, Reconcile m6
[M controller] Iteration 7, Reconcile m10
[MS controller] Iteration 7, Reconcile ms2, 2/2 replicas (m7,m9)
[MS controller] Iteration 7, Reconcile ms1, 3/3 replicas (m4,m5,m6)
[M controller] Iteration 7, Reconcile m4
[M controller] Iteration 7, Reconcile m7
[M controller] Iteration 7, Reconcile m7
[M controller] Iteration 7, Reconcile m5
[M controller] Iteration 8, Reconcile m10
[MS controller] Iteration 8, Reconcile ms2, 2/2 replicas (m7,m9)
[MS controller] Iteration 8, Reconcile ms2, 2/2 replicas (m7,m9)
[M controller] Iteration 8, Reconcile m6
[User] Iteration 8, Deleting machine m7
[M controller] Iteration 8, Reconcile m4
[MS controller] Iteration 8, Reconcile ms1, 3/3 replicas (m4,m5,m6)
[M controller] Iteration 8, Reconcile m7
[M controller] - m7 finalizer removed
[M controller] Iteration 8, Reconcile m9
[M controller] Iteration 8, Reconcile m5
[M controller] Iteration 8, Reconcile m9
[MS controller] Iteration 8, Reconcile ms3, 1/1 replicas (m10)
[M controller] Iteration 9, Reconcile m9
[M controller] Iteration 9, Reconcile m6
[MD controller] Iteration 9, Reconcile md
[MD controller] - Input to rollout planner
  md, 5/6 replicas
  - ms1, 3/3 replicas (m4,m5,m6)
  - ms2, 2/2 replicas (m9)
  - ms3, 1/1 replicas (m10)
[MD controller] - Result of rollout planner
  md, 6/6 replicas
  - ms1, 3/3 replicas (m4,m5,m6)
  - ms2, 2/2 replicas (m9)
  - ms3, 1/1 replicas (m10)
[M controller] Iteration 9, Reconcile m4
[M controller] Iteration 9, Reconcile m5
[MS controller] Iteration 10, Reconcile ms3, 1/1 replicas (m10)
[MS controller] Iteration 10, Reconcile ms3, 1/1 replicas (m10)
[M controller] Iteration 10, Reconcile m6
[MD controller] Iteration 10, Reconcile md
[MD controller] - Input to rollout planner
  md, 6/6 replicas
  - ms1, 3/3 replicas (m4,m5,m6)
  - ms2, 2/2 replicas (m9)
  - ms3, 1/1 replicas (m10)
[MD controller] - Result of rollout planner
  md, 6/6 replicas
  - ms1, 3/3 replicas (m4,m5,m6)
  - ms2, 2/2 replicas (m9)
  - ms3, 1/1 replicas (m10)
[M controller] Iteration 10, Reconcile m4
[MS controller] Iteration 10, Reconcile ms1, 3/3 replicas (m4,m5,m6)
[M controller] Iteration 10, Reconcile m6
[MS controller] Iteration 10, Reconcile ms3, 1/1 replicas (m10)
[MS controller] Iteration 10, Reconcile ms2, 2/2 replicas (m9)
[MS controller] Iteration 11, Reconcile ms2, 1/2 replicas (m9)
[MS controller] Iteration 11, Reconcile ms2, 1/2 replicas (m9)
[MS controller] Iteration 11, Reconcile ms3, 1/1 replicas (m10)
[MD controller] Iteration 11, Reconcile md
[MD controller] - Input to rollout planner
  md, 6/6 replicas
  - ms1, 3/3 replicas (m4,m5,m6)
  - ms2, 1/2 replicas (m9)
  - ms3, 1/1 replicas (m10)
[MD controller] - Result of rollout planner
  md, 5/6 replicas
  - ms1, 3/3 replicas (m4,m5,m6)
  - ms2, 1/1 replicas (m9)
  - ms3, 1/1 replicas (m10)
[MS controller] Iteration 11, Reconcile ms1, 3/3 replicas (m4,m5,m6)
[M controller] Iteration 11, Reconcile m10
[M controller] Iteration 11, Reconcile m6
[M controller] Iteration 11, Reconcile m10
[M controller] Iteration 11, Reconcile m9
[M controller] Iteration 12, Reconcile m5
[MS controller] Iteration 12, Reconcile ms1, 3/3 replicas (m4,m5,m6)
[M controller] Iteration 12, Reconcile m6
[M controller] Iteration 12, Reconcile m10
[M controller] Iteration 12, Reconcile m5
[MS controller] Iteration 12, Reconcile ms3, 1/1 replicas (m10)
[MS controller] Iteration 12, Reconcile ms2, 1/1 replicas (m9)
[MS controller] Iteration 12, Reconcile ms1, 3/3 replicas (m4,m5,m6)
[M controller] Iteration 12, Reconcile m4
[M controller] Iteration 12, Reconcile m9
[MD controller] Iteration 12, Reconcile md
[MD controller] - Input to rollout planner
  md, 5/6 replicas
  - ms1, 3/3 replicas (m4,m5,m6)
  - ms2, 1/1 replicas (m9)
  - ms3, 1/1 replicas (m10)
[MD controller] - Result of rollout planner
  md, 5/6 replicas
  - ms1, 3/3 replicas (m4,m5,m6)
  - ms2, 1/1 replicas (m9)
  - ms3, 1/2 replicas (m10)
[M controller] Iteration 13, Reconcile m6
[MS controller] Iteration 13, Reconcile ms3, 1/2 replicas (m10)
[MS controller] - ms3 scale up to 2/2 replicas (m11 created)
[M controller] Iteration 13, Reconcile m4
[M controller] Iteration 13, Reconcile m6
[MS controller] Iteration 13, Reconcile ms3, 2/2 replicas (m10,m11)
[M controller] Iteration 13, Reconcile m6
[MS controller] Iteration 13, Reconcile ms2, 1/1 replicas (m9)
[MD controller] Iteration 13, Reconcile md
[MD controller] - Input to rollout planner
  md, 5/6 replicas
  - ms1, 3/3 replicas (m4,m5,m6)
  - ms2, 1/1 replicas (m9)
  - ms3, 2/2 replicas (m10,m11)
[MD controller] - Result of rollout planner
  md, 6/6 replicas
  - ms1, 3/3 replicas (m4,m5,m6)
  - ms2, 1/1 replicas (m9)
  - ms3, 2/2 replicas (m10,m11)
[MD controller] Iteration 14, Reconcile md
[MD controller] - Input to rollout planner
  md, 6/6 replicas
  - ms1, 3/3 replicas (m4,m5,m6)
  - ms2, 1/1 replicas (m9)
  - ms3, 2/2 replicas (m10,m11)
[MD controller] - Result of rollout planner
  md, 6/6 replicas
  - ms1, 3/3 replicas (m4,m5,m6)
  - ms2, 1/1 replicas (m9)
  - ms3, 2/2 replicas (m10,m11)
[User] Iteration 14, Deleting machine m4
[M controller] Iteration 14, Reconcile m11
[MS controller] Iteration 14, Reconcile ms3, 2/2 replicas (m10,m11)
[MS controller] Iteration 14, Reconcile ms1, 3/3 replicas (m4,m5,m6)
[M controller] Iteration 14, Reconcile m4
[M controller] - m4 finalizer removed
[M controller] Iteration 14, Reconcile m5
[M controller] Iteration 14, Reconcile m6
[MS controller] Iteration 14, Reconcile ms2, 1/1 replicas (m9)
[M controller] Iteration 15, Reconcile m5
[MS controller] Iteration 15, Reconcile ms3, 2/2 replicas (m10,m11)
[MD controller] Iteration 15, Reconcile md
[MD controller] - Input to rollout planner
  md, 6/6 replicas
  - ms1, 3/3 replicas (m5,m6)
  - ms2, 1/1 replicas (m9)
  - ms3, 2/2 replicas (m10,m11)
[MD controller] - Result of rollout planner
  md, 6/6 replicas
  - ms1, 3/3 replicas (m5,m6)
  - ms2, 1/1 replicas (m9)
  - ms3, 2/2 replicas (m10,m11)
[MD controller] Iteration 15, Reconcile md
[MD controller] - Input to rollout planner
  md, 6/6 replicas
  - ms1, 3/3 replicas (m5,m6)
  - ms2, 1/1 replicas (m9)
  - ms3, 2/2 replicas (m10,m11)
[MD controller] - Result of rollout planner
  md, 6/6 replicas
  - ms1, 3/3 replicas (m5,m6)
  - ms2, 1/1 replicas (m9)
  - ms3, 2/2 replicas (m10,m11)
[M controller] Iteration 15, Reconcile m9
[M controller] Iteration 15, Reconcile m9
[MS controller] Iteration 15, Reconcile ms1, 3/3 replicas (m5,m6)
[MS controller] Iteration 15, Reconcile ms2, 1/1 replicas (m9)
[MD controller] Iteration 15, Reconcile md
[MD controller] - Input to rollout planner
  md, 6/6 replicas
  - ms1, 2/3 replicas (m5,m6)
  - ms2, 1/1 replicas (m9)
  - ms3, 2/2 replicas (m10,m11)
[MD controller] - Result of rollout planner
  md, 5/6 replicas
  - ms1, 2/2 replicas (m5,m6)
  - ms2, 1/1 replicas (m9)
  - ms3, 2/2 replicas (m10,m11)
[M controller] Iteration 15, Reconcile m6
[M controller] Iteration 16, Reconcile m11
[MS controller] Iteration 16, Reconcile ms3, 2/2 replicas (m10,m11)
[M controller] Iteration 16, Reconcile m11
[MD controller] Iteration 16, Reconcile md
[MD controller] - Input to rollout planner
  md, 5/6 replicas
  - ms1, 2/2 replicas (m5,m6)
  - ms2, 1/1 replicas (m9)
  - ms3, 2/2 replicas (m10,m11)
[MD controller] - Result of rollout planner
  md, 5/6 replicas
  - ms1, 2/2 replicas (m5,m6)
  - ms2, 1/1 replicas (m9)
  - ms3, 2/3 replicas (m10,m11)
[M controller] Iteration 16, Reconcile m9
[M controller] Iteration 16, Reconcile m10
[MS controller] Iteration 17, Reconcile ms3, 2/3 replicas (m10,m11)
[MS controller] - ms3 scale up to 3/3 replicas (m12 created)
[M controller] Iteration 17, Reconcile m10
[M controller] Iteration 17, Reconcile m6
[User] Iteration 17, Deleting machine m9
[MS controller] Iteration 17, Reconcile ms1, 2/2 replicas (m5,m6)
[M controller] Iteration 17, Reconcile m10
[MD controller] Iteration 17, Reconcile md
[MD controller] - Input to rollout planner
  md, 5/6 replicas
  - ms1, 2/2 replicas (m5,m6)
  - ms2, 1/1 replicas (m9)
  - ms3, 3/3 replicas (m10,m11,m12)
[MD controller] - Result of rollout planner
  md, 6/6 replicas
  - ms1, 2/2 replicas (m5,m6)
  - ms2, 1/1 replicas (m9)
  - ms3, 3/3 replicas (m10,m11,m12)
[M controller] Iteration 17, Reconcile m11
[MS controller] Iteration 18, Reconcile ms1, 2/2 replicas (m5,m6)
[MS controller] Iteration 18, Reconcile ms2, 1/1 replicas (m9)
[MD controller] Iteration 18, Reconcile md
[MD controller] - Input to rollout planner
  md, 6/6 replicas
  - ms1, 2/2 replicas (m5,m6)
  - ms2, 1/1 replicas (m9)
  - ms3, 3/3 replicas (m10,m11,m12)
[MD controller] - Result of rollout planner
  md, 6/6 replicas
  - ms1, 2/2 replicas (m5,m6)
  - ms2, 1/1 replicas (m9)
  - ms3, 3/3 replicas (m10,m11,m12)
[M controller] Iteration 18, Reconcile m10
[MS controller] Iteration 18, Reconcile ms3, 3/3 replicas (m10,m11,m12)
[M controller] Iteration 18, Reconcile m12
[MS controller] Iteration 18, Reconcile ms2, 1/1 replicas (m9)
[MS controller] Iteration 18, Reconcile ms2, 1/1 replicas (m9)
[M controller] Iteration 19, Reconcile m9
[M controller] - m9 finalizer removed
[MD controller] Iteration 19, Reconcile md
[MD controller] - Input to rollout planner
  md, 6/6 replicas
  - ms1, 2/2 replicas (m5,m6)
  - ms2, 1/1 replicas ()
  - ms3, 3/3 replicas (m10,m11,m12)
[MD controller] - Result of rollout planner
  md, 6/6 replicas
  - ms1, 2/2 replicas (m5,m6)
  - ms2, 1/1 replicas ()
  - ms3, 3/3 replicas (m10,m11,m12)
[M controller] Iteration 19, Reconcile m10
[M controller] Iteration 19, Reconcile m10
[MS controller] Iteration 19, Reconcile ms1, 2/2 replicas (m5,m6)
[M controller] Iteration 20, Reconcile m6
[MD controller] Iteration 20, Reconcile md
[MD controller] - Input to rollout planner
  md, 6/6 replicas
  - ms1, 2/2 replicas (m5,m6)
  - ms2, 1/1 replicas ()
  - ms3, 3/3 replicas (m10,m11,m12)
[MD controller] - Result of rollout planner
  md, 6/6 replicas
  - ms1, 2/2 replicas (m5,m6)
  - ms2, 1/1 replicas ()
  - ms3, 3/3 replicas (m10,m11,m12)
[M controller] Iteration 20, Reconcile m11
[MS controller] Iteration 20, Reconcile ms3, 3/3 replicas (m10,m11,m12)
[MS controller] Iteration 20, Reconcile ms2, 1/1 replicas ()
[M controller] Iteration 20, Reconcile m11
[M controller] Iteration 20, Reconcile m10
[M controller] Iteration 20, Reconcile m12
[MD controller] Iteration 20, Reconcile md
[MD controller] - Input to rollout planner
  md, 6/6 replicas
  - ms1, 2/2 replicas (m5,m6)
  - ms2, 0/1 replicas ()
  - ms3, 3/3 replicas (m10,m11,m12)
[MD controller] - Result of rollout planner
  md, 5/6 replicas
  - ms1, 2/2 replicas (m5,m6)
  - ms2, 0/0 replicas ()
  - ms3, 3/3 replicas (m10,m11,m12)
[MD controller] Iteration 20, Reconcile md
[MD controller] - Input to rollout planner
  md, 5/6 replicas
  - ms1, 2/2 replicas (m5,m6)
  - ms2, 0/0 replicas ()
  - ms3, 3/3 replicas (m10,m11,m12)
[MD controller] - Result of rollout planner
  md, 5/6 replicas
  - ms1, 2/2 replicas (m5,m6)
  - ms2, 0/0 replicas ()
  - ms3, 3/4 replicas (m10,m11,m12)
[MS controller] Iteration 20, Reconcile ms2, 0/0 replicas ()
[MS controller] Iteration 20, Reconcile ms1, 2/2 replicas (m5,m6)
[M controller] Iteration 21, Reconcile m5
[MD controller] Iteration 21, Reconcile md
[MD controller] - Input to rollout planner
  md, 5/6 replicas
  - ms1, 2/2 replicas (m5,m6)
  - ms2, 0/0 replicas ()
  - ms3, 3/4 replicas (m10,m11,m12)
[MD controller] - Result of rollout planner
  md, 5/6 replicas
  - ms1, 2/2 replicas (m5,m6)
  - ms2, 0/0 replicas ()
  - ms3, 3/4 replicas (m10,m11,m12)
[M controller] Iteration 21, Reconcile m12
[M controller] Iteration 21, Reconcile m5
[M controller] Iteration 21, Reconcile m5
[M controller] Iteration 21, Reconcile m11
[MS controller] Iteration 21, Reconcile ms2, 0/0 replicas ()
[MS controller] Iteration 21, Reconcile ms1, 2/2 replicas (m5,m6)
[M controller] Iteration 21, Reconcile m6
[M controller] Iteration 21, Reconcile m6
[M controller] Iteration 22, Reconcile m11
[M controller] Iteration 22, Reconcile m6
[M controller] Iteration 22, Reconcile m5
[MS controller] Iteration 22, Reconcile ms1, 2/2 replicas (m5,m6)
[M controller] Iteration 22, Reconcile m10
[MS controller] Iteration 22, Reconcile ms3, 3/4 replicas (m10,m11,m12)
[MS controller] - ms3 scale up to 4/4 replicas (m13 created)
[M controller] Iteration 22, Reconcile m10
[MS controller] Iteration 22, Reconcile ms2, 0/0 replicas ()
[M controller] Iteration 22, Reconcile m12
[M controller] Iteration 22, Reconcile m5
[MS controller] Iteration 22, Reconcile ms1, 2/2 replicas (m5,m6)
[MS controller] Iteration 23, Reconcile ms1, 2/2 replicas (m5,m6)
[M controller] Iteration 23, Reconcile m10
[User] Iteration 23, Deleting machine m6
[M controller] Iteration 23, Reconcile m6
[M controller] - m6 finalizer removed
[MD controller] Iteration 23, Reconcile md
[MD controller] - Input to rollout planner
  md, 5/6 replicas
  - ms1, 2/2 replicas (m5)
  - ms2, 0/0 replicas ()
  - ms3, 4/4 replicas (m10,m11,m12,m13)
[MD controller] - Result of rollout planner
  md, 6/6 replicas
  - ms1, 2/2 replicas (m5)
  - ms2, 0/0 replicas ()
  - ms3, 4/4 replicas (m10,m11,m12,m13)
[M controller] Iteration 23, Reconcile m13
[MS controller] Iteration 23, Reconcile ms2, 0/0 replicas ()
[MD controller] Iteration 24, Reconcile md
[MD controller] - Input to rollout planner
  md, 6/6 replicas
  - ms1, 2/2 replicas (m5)
  - ms2, 0/0 replicas ()
  - ms3, 4/4 replicas (m10,m11,m12,m13)
[MD controller] - Result of rollout planner
  md, 6/6 replicas
  - ms1, 2/2 replicas (m5)
  - ms2, 0/0 replicas ()
  - ms3, 4/4 replicas (m10,m11,m12,m13)
[MS controller] Iteration 24, Reconcile ms1, 2/2 replicas (m5)
[MD controller] Iteration 24, Reconcile md
[MD controller] - Input to rollout planner
  md, 6/6 replicas
  - ms1, 1/2 replicas (m5)
  - ms2, 0/0 replicas ()
  - ms3, 4/4 replicas (m10,m11,m12,m13)
[MD controller] - Result of rollout planner
  md, 5/6 replicas
  - ms1, 1/1 replicas (m5)
  - ms2, 0/0 replicas ()
  - ms3, 4/4 replicas (m10,m11,m12,m13)
[M controller] Iteration 24, Reconcile m5
[M controller] Iteration 24, Reconcile m12
[M controller] Iteration 24, Reconcile m13
[M controller] Iteration 24, Reconcile m5
[M controller] Iteration 25, Reconcile m12
[MS controller] Iteration 25, Reconcile ms2, 0/0 replicas ()
[M controller] Iteration 25, Reconcile m13
[M controller] Iteration 25, Reconcile m5
[M controller] Iteration 25, Reconcile m11
[M controller] Iteration 25, Reconcile m12
[MS controller] Iteration 25, Reconcile ms3, 4/4 replicas (m10,m11,m12,m13)
[MD controller] Iteration 26, Reconcile md
[MD controller] - Input to rollout planner
  md, 5/6 replicas
  - ms1, 1/1 replicas (m5)
  - ms2, 0/0 replicas ()
  - ms3, 4/4 replicas (m10,m11,m12,m13)
[MD controller] - Result of rollout planner
  md, 5/6 replicas
  - ms1, 1/1 replicas (m5)
  - ms2, 0/0 replicas ()
  - ms3, 4/5 replicas (m10,m11,m12,m13)
[M controller] Iteration 26, Reconcile m13
[M controller] Iteration 26, Reconcile m5
[MS controller] Iteration 26, Reconcile ms3, 4/5 replicas (m10,m11,m12,m13)
[MS controller] - ms3 scale up to 5/5 replicas (m14 created)
[MS controller] Iteration 26, Reconcile ms2, 0/0 replicas ()
[M controller] Iteration 26, Reconcile m11
[M controller] Iteration 27, Reconcile m12
[MS controller] Iteration 27, Reconcile ms1, 1/1 replicas (m5)
[M controller] Iteration 27, Reconcile m14
[M controller] Iteration 27, Reconcile m11
[M controller] Iteration 27, Reconcile m10
[MS controller] Iteration 27, Reconcile ms2, 0/0 replicas ()
[MD controller] Iteration 28, Reconcile md
[MD controller] - Input to rollout planner
  md, 5/6 replicas
  - ms1, 1/1 replicas (m5)
  - ms2, 0/0 replicas ()
  - ms3, 5/5 replicas (m10,m11,m12,m13,m14)
[MD controller] - Result of rollout planner
  md, 6/6 replicas
  - ms1, 1/1 replicas (m5)
  - ms2, 0/0 replicas ()
  - ms3, 5/5 replicas (m10,m11,m12,m13,m14)
[User] Iteration 28, Deleting machine m5
[MS controller] Iteration 28, Reconcile ms2, 0/0 replicas ()
[M controller] Iteration 28, Reconcile m11
[M controller] Iteration 28, Reconcile m5
[M controller] - m5 finalizer removed
[M controller] Iteration 28, Reconcile m13
[M controller] Iteration 28, Reconcile m13
[M controller] Iteration 29, Reconcile m13
[M controller] Iteration 29, Reconcile m12
[MD controller] Iteration 29, Reconcile md
[MD controller] - Input to rollout planner
  md, 6/6 replicas
  - ms1, 1/1 replicas ()
  - ms2, 0/0 replicas ()
  - ms3, 5/5 replicas (m10,m11,m12,m13,m14)
[MD controller] - Result of rollout planner
  md, 6/6 replicas
  - ms1, 1/1 replicas ()
  - ms2, 0/0 replicas ()
  - ms3, 5/5 replicas (m10,m11,m12,m13,m14)
[M controller] Iteration 29, Reconcile m14
[MS controller] Iteration 30, Reconcile ms2, 0/0 replicas ()
[M controller] Iteration 30, Reconcile m11
[MS controller] Iteration 30, Reconcile ms1, 1/1 replicas ()
[M controller] Iteration 30, Reconcile m13
[M controller] Iteration 30, Reconcile m14
[M controller] Iteration 30, Reconcile m12
[M controller] Iteration 30, Reconcile m13
[M controller] Iteration 30, Reconcile m10
[MS controller] Iteration 30, Reconcile ms3, 5/5 replicas (m10,m11,m12,m13,m14)
[M controller] Iteration 30, Reconcile m13
[M controller] Iteration 30, Reconcile m13
[M controller] Iteration 31, Reconcile m13
[M controller] Iteration 31, Reconcile m10
[M controller] Iteration 31, Reconcile m14
[MS controller] Iteration 31, Reconcile ms3, 5/5 replicas (m10,m11,m12,m13,m14)
[M controller] Iteration 31, Reconcile m11
[MS controller] Iteration 31, Reconcile ms1, 0/1 replicas ()
[MS controller] Iteration 31, Reconcile ms2, 0/0 replicas ()
[M controller] Iteration 32, Reconcile m12
[MS controller] Iteration 32, Reconcile ms2, 0/0 replicas ()
[M controller] Iteration 32, Reconcile m14
[M controller] Iteration 32, Reconcile m10
[M controller] Iteration 32, Reconcile m10
[MS controller] Iteration 32, Reconcile ms1, 0/1 replicas ()
[MS controller] Iteration 32, Reconcile ms3, 5/5 replicas (m10,m11,m12,m13,m14)
[MS controller] Iteration 33, Reconcile ms2, 0/0 replicas ()
[MS controller] Iteration 33, Reconcile ms1, 0/1 replicas ()
[M controller] Iteration 33, Reconcile m13
[M controller] Iteration 33, Reconcile m14
[MS controller] Iteration 34, Reconcile ms3, 5/5 replicas (m10,m11,m12,m13,m14)
[MD controller] Iteration 34, Reconcile md
[MD controller] - Input to rollout planner
  md, 6/6 replicas
  - ms1, 0/1 replicas ()
  - ms2, 0/0 replicas ()
  - ms3, 5/5 replicas (m10,m11,m12,m13,m14)
[MD controller] - Result of rollout planner
  md, 5/6 replicas
  - ms1, 0/0 replicas ()
  - ms2, 0/0 replicas ()
  - ms3, 5/5 replicas (m10,m11,m12,m13,m14)
[M controller] Iteration 34, Reconcile m12
[M controller] Iteration 34, Reconcile m11
[M controller] Iteration 34, Reconcile m11
[M controller] Iteration 34, Reconcile m14
[M controller] Iteration 34, Reconcile m10
[M controller] Iteration 34, Reconcile m13
[M controller] Iteration 34, Reconcile m11
[M controller] Iteration 34, Reconcile m13
[M controller] Iteration 34, Reconcile m10
[MS controller] Iteration 35, Reconcile ms3, 5/5 replicas (m10,m11,m12,m13,m14)
[MD controller] Iteration 35, Reconcile md
[MD controller] - Input to rollout planner
  md, 5/6 replicas
  - ms1, 0/0 replicas ()
  - ms2, 0/0 replicas ()
  - ms3, 5/5 replicas (m10,m11,m12,m13,m14)
[MD controller] - Result of rollout planner
  md, 5/6 replicas
  - ms1, 0/0 replicas ()
  - ms2, 0/0 replicas ()
  - ms3, 5/6 replicas (m10,m11,m12,m13,m14)
[MS controller] Iteration 35, Reconcile ms1, 0/0 replicas ()
[M controller] Iteration 35, Reconcile m12
[M controller] Iteration 35, Reconcile m12
[M controller] Iteration 35, Reconcile m10
[M controller] Iteration 35, Reconcile m11
[M controller] Iteration 35, Reconcile m14
[M controller] Iteration 35, Reconcile m11
[MS controller] Iteration 36, Reconcile ms3, 5/6 replicas (m10,m11,m12,m13,m14)
[MS controller] - ms3 scale up to 6/6 replicas (m15 created)
[M controller] Iteration 36, Reconcile m14
[MS controller] Iteration 36, Reconcile ms1, 0/0 replicas ()
[M controller] Iteration 37, Reconcile m10
[M controller] Iteration 37, Reconcile m14
[M controller] Iteration 37, Reconcile m15
[M controller] Iteration 37, Reconcile m11
[MS controller] Iteration 37, Reconcile ms3, 6/6 replicas (m10,m11,m12,m13,m14,m15)
[MS controller] Iteration 37, Reconcile ms3, 6/6 replicas (m10,m11,m12,m13,m14,m15)
[M controller] Iteration 37, Reconcile m14
[M controller] Iteration 37, Reconcile m13
[MS controller] Iteration 37, Reconcile ms1, 0/0 replicas ()
[M controller] Iteration 38, Reconcile m13
[M controller] Iteration 38, Reconcile m14
[M controller] Iteration 38, Reconcile m11
[M controller] Iteration 38, Reconcile m10
[M controller] Iteration 38, Reconcile m12
[MS controller] Iteration 39, Reconcile ms2, 0/0 replicas ()
[M controller] Iteration 39, Reconcile m12
[M controller] Iteration 39, Reconcile m13
[MS controller] Iteration 39, Reconcile ms3, 6/6 replicas (m10,m11,m12,m13,m14,m15)
[M controller] Iteration 39, Reconcile m10
[M controller] Iteration 39, Reconcile m15
[MS controller] Iteration 39, Reconcile ms2, 0/0 replicas ()
[MD controller] Iteration 39, Reconcile md
[MD controller] - Input to rollout planner
  md, 5/6 replicas
  - ms1, 0/0 replicas ()
  - ms2, 0/0 replicas ()
  - ms3, 6/6 replicas (m10,m11,m12,m13,m14,m15)
[MD controller] - Result of rollout planner
  md, 6/6 replicas
  - ms1, 0/0 replicas ()
  - ms2, 0/0 replicas ()
  - ms3, 6/6 replicas (m10,m11,m12,m13,m14,m15)
[Test] Final state
  md, 6/6 replicas
  - ms1, 0/0 replicas ()
  - ms2, 0/0 replicas ()
  - ms3, 6/6 replicas (m10,m11,m12,m13,m14,m15)
