## 6 replicas, maxUserUnavailable 2, random(0)

[Test] Initial state
  md, 6/6 replicas
  - ms1, 6/6 replicas (m1,m2,m3,m4,m5,m6)
  - ms2, 0/0 replicas ()
[Test] Rollout 6 replicas, onDeleteStrategy, random(0)
[M controller] Iteration 1, Reconcile m4
[M controller] Iteration 1, Reconcile m5
[M controller] Iteration 1, Reconcile m2
[M controller] Iteration 1, Reconcile m6
[M controller] Iteration 1, Reconcile m3
[M controller] Iteration 2, Reconcile m4
[M controller] Iteration 2, Reconcile m6
[M controller] Iteration 2, Reconcile m2
[MS controller] Iteration 2, Reconcile ms2, 0/0 replicas ()
[M controller] Iteration 2, Reconcile m3
[M controller] Iteration 3, Reconcile m4
[M controller] Iteration 3, Reconcile m5
[M controller] Iteration 3, Reconcile m2
[M controller] Iteration 3, Reconcile m1
[MS controller] Iteration 3, Reconcile ms1, 6/6 replicas (m1,m2,m3,m4,m5,m6)
[M controller] Iteration 3, Reconcile m3
[MS controller] Iteration 3, Reconcile ms1, 6/6 replicas (m1,m2,m3,m4,m5,m6)
[MS controller] Iteration 3, Reconcile ms2, 0/0 replicas ()
[M controller] Iteration 4, Reconcile m5
[MS controller] Iteration 4, Reconcile ms2, 0/0 replicas ()
[M controller] Iteration 4, Reconcile m4
[M controller] Iteration 4, Reconcile m2
[M controller] Iteration 4, Reconcile m1
[M controller] Iteration 4, Reconcile m3
[MS controller] Iteration 4, Reconcile ms1, 6/6 replicas (m1,m2,m3,m4,m5,m6)
[M controller] Iteration 4, Reconcile m6
[MD controller] Iteration 4, Reconcile md
[MD controller] - Input to rollout planner
  md, 6/6 replicas
  - ms1, 6/6 replicas (m1,m2,m3,m4,m5,m6)
  - ms2, 0/0 replicas ()
[MD controller] - Result of rollout planner
  md, 6/6 replicas
  - ms1, 6/6 replicas (m1,m2,m3,m4,m5,m6)
  - ms2, 0/0 replicas ()
[MD controller] Iteration 5, Reconcile md
[MD controller] - Input to rollout planner
  md, 6/6 replicas
  - ms1, 6/6 replicas (m1,m2,m3,m4,m5,m6)
  - ms2, 0/0 replicas ()
[MD controller] - Result of rollout planner
  md, 6/6 replicas
  - ms1, 6/6 replicas (m1,m2,m3,m4,m5,m6)
  - ms2, 0/0 replicas ()
[M controller] Iteration 5, Reconcile m6
[M controller] Iteration 5, Reconcile m2
[M controller] Iteration 5, Reconcile m1
[M controller] Iteration 5, Reconcile m6
[User] Iteration 5, Deleting machine m3
[M controller] Iteration 5, Reconcile m4
[MS controller] Iteration 5, Reconcile ms1, 6/6 replicas (m1,m2,m3,m4,m5,m6)
[User] Iteration 5, Deleting machine m2
[M controller] Iteration 5, Reconcile m2
[M controller] - m2 finalizer removed
[M controller] Iteration 6, Reconcile m6
[M controller] Iteration 6, Reconcile m3
[M controller] - m3 finalizer removed
[MS controller] Iteration 6, Reconcile ms1, 6/6 replicas (m1,m4,m5,m6)
[M controller] Iteration 6, Reconcile m4
[M controller] Iteration 6, Reconcile m4
[MS controller] Iteration 6, Reconcile ms2, 0/0 replicas ()
[M controller] Iteration 6, Reconcile m4
[M controller] Iteration 6, Reconcile m1
[M controller] Iteration 6, Reconcile m5
[MS controller] Iteration 7, Reconcile ms2, 0/0 replicas ()
[M controller] Iteration 7, Reconcile m4
[M controller] Iteration 7, Reconcile m6
[M controller] Iteration 7, Reconcile m1
[MD controller] Iteration 8, Reconcile md
[MD controller] - Input to rollout planner
  md, 6/6 replicas
  - ms1, 4/6 replicas (m1,m4,m5,m6)
  - ms2, 0/0 replicas ()
[MD controller] - Result of rollout planner
  md, 4/6 replicas
  - ms1, 4/4 replicas (m1,m4,m5,m6)
  - ms2, 0/0 replicas ()
[M controller] Iteration 8, Reconcile m1
[MS controller] Iteration 8, Reconcile ms2, 0/0 replicas ()
[M controller] Iteration 8, Reconcile m5
[M controller] Iteration 8, Reconcile m6
[MS controller] Iteration 8, Reconcile ms1, 4/4 replicas (m1,m4,m5,m6)
[M controller] Iteration 8, Reconcile m4
[M controller] Iteration 9, Reconcile m6
[MS controller] Iteration 9, Reconcile ms1, 4/4 replicas (m1,m4,m5,m6)
[M controller] Iteration 9, Reconcile m5
[M controller] Iteration 9, Reconcile m1
[M controller] Iteration 9, Reconcile m4
[M controller] Iteration 9, Reconcile m4
[MS controller] Iteration 10, Reconcile ms1, 4/4 replicas (m1,m4,m5,m6)
[M controller] Iteration 10, Reconcile m5
[M controller] Iteration 10, Reconcile m1
[M controller] Iteration 10, Reconcile m4
[M controller] Iteration 10, Reconcile m6
[M controller] Iteration 11, Reconcile m1
[MD controller] Iteration 11, Reconcile md
[MD controller] - Input to rollout planner
  md, 4/6 replicas
  - ms1, 4/4 replicas (m1,m4,m5,m6)
  - ms2, 0/0 replicas ()
[MD controller] - Result of rollout planner
  md, 4/6 replicas
  - ms1, 4/4 replicas (m1,m4,m5,m6)
  - ms2, 0/2 replicas ()
[M controller] Iteration 11, Reconcile m6
[M controller] Iteration 11, Reconcile m5
[MS controller] Iteration 11, Reconcile ms2, 0/2 replicas ()
[MS controller] - ms2 scale up to 2/2 replicas (m7,m8 created)
[M controller] Iteration 11, Reconcile m6
[User] Iteration 11, Deleting machine m6
[M controller] Iteration 11, Reconcile m5
[M controller] Iteration 12, Reconcile m7
[M controller] Iteration 12, Reconcile m4
[M controller] Iteration 12, Reconcile m8
[M controller] Iteration 12, Reconcile m6
[M controller] - m6 finalizer removed
[MS controller] Iteration 12, Reconcile ms2, 2/2 replicas (m7,m8)
[MD controller] Iteration 12, Reconcile md
[MD controller] - Input to rollout planner
  md, 4/6 replicas
  - ms1, 4/4 replicas (m1,m4,m5)
  - ms2, 2/2 replicas (m7,m8)
[MD controller] - Result of rollout planner
  md, 6/6 replicas
  - ms1, 4/4 replicas (m1,m4,m5)
  - ms2, 2/2 replicas (m7,m8)
[M controller] Iteration 12, Reconcile m1
[M controller] Iteration 12, Reconcile m4
[MS controller] Iteration 12, Reconcile ms1, 4/4 replicas (m1,m4,m5)
[M controller] Iteration 13, Reconcile m7
[M controller] Iteration 13, Reconcile m4
[MS controller] Iteration 13, Reconcile ms2, 2/2 replicas (m7,m8)
[M controller] Iteration 13, Reconcile m8
[M controller] Iteration 13, Reconcile m7
[User] Iteration 13, Deleting machine m4
[M controller] Iteration 13, Reconcile m5
[MD controller] Iteration 14, Reconcile md
[MD controller] - Input to rollout planner
  md, 6/6 replicas
  - ms1, 3/4 replicas (m1,m4,m5)
  - ms2, 2/2 replicas (m7,m8)
[MD controller] - Result of rollout planner
  md, 5/6 replicas
  - ms1, 3/3 replicas (m1,m4,m5)
  - ms2, 2/2 replicas (m7,m8)
[M controller] Iteration 14, Reconcile m1
[M controller] Iteration 14, Reconcile m8
[MS controller] Iteration 14, Reconcile ms1, 3/3 replicas (m1,m4,m5)
[MS controller] Iteration 14, Reconcile ms2, 2/2 replicas (m7,m8)
[M controller] Iteration 14, Reconcile m4
[M controller] - m4 finalizer removed
[M controller] Iteration 14, Reconcile m7
[M controller] Iteration 15, Reconcile m8
[MS controller] Iteration 15, Reconcile ms2, 2/2 replicas (m7,m8)
[MD controller] Iteration 15, Reconcile md
[MD controller] - Input to rollout planner
  md, 5/6 replicas
  - ms1, 3/3 replicas (m1,m5)
  - ms2, 2/2 replicas (m7,m8)
[MD controller] - Result of rollout planner
  md, 5/6 replicas
  - ms1, 3/3 replicas (m1,m5)
  - ms2, 2/3 replicas (m7,m8)
[M controller] Iteration 16, Reconcile m5
[MS controller] Iteration 16, Reconcile ms1, 3/3 replicas (m1,m5)
[MS controller] Iteration 16, Reconcile ms2, 2/3 replicas (m7,m8)
[MS controller] - ms2 scale up to 3/3 replicas (m9 created)
[M controller] Iteration 16, Reconcile m7
[MD controller] Iteration 16, Reconcile md
[MD controller] - Input to rollout planner
  md, 5/6 replicas
  - ms1, 2/3 replicas (m1,m5)
  - ms2, 3/3 replicas (m7,m8,m9)
[MD controller] - Result of rollout planner
  md, 5/6 replicas
  - ms1, 2/2 replicas (m1,m5)
  - ms2, 3/3 replicas (m7,m8,m9)
[M controller] Iteration 16, Reconcile m1
[MD controller] Iteration 16, Reconcile md
[MD controller] - Input to rollout planner
  md, 5/6 replicas
  - ms1, 2/2 replicas (m1,m5)
  - ms2, 3/3 replicas (m7,m8,m9)
[MD controller] - Result of rollout planner
  md, 5/6 replicas
  - ms1, 2/2 replicas (m1,m5)
  - ms2, 3/4 replicas (m7,m8,m9)
[M controller] Iteration 17, Reconcile m9
[M controller] Iteration 17, Reconcile m1
[M controller] Iteration 17, Reconcile m8
[M controller] Iteration 17, Reconcile m7
[User] Iteration 17, Deleting machine m1
[M controller] Iteration 17, Reconcile m8
[M controller] Iteration 17, Reconcile m5
[MS controller] Iteration 17, Reconcile ms2, 3/4 replicas (m7,m8,m9)
[MS controller] - ms2 scale up to 4/4 replicas (m10 created)
[MD controller] Iteration 17, Reconcile md
[MD controller] - Input to rollout planner
  md, 5/6 replicas
  - ms1, 2/2 replicas (m1,m5)
  - ms2, 4/4 replicas (m7,m8,m9,m10)
[MD controller] - Result of rollout planner
  md, 6/6 replicas
  - ms1, 2/2 replicas (m1,m5)
  - ms2, 4/4 replicas (m7,m8,m9,m10)
[MS controller] Iteration 18, Reconcile ms2, 4/4 replicas (m7,m8,m9,m10)
[M controller] Iteration 18, Reconcile m8
[M controller] Iteration 18, Reconcile m9
[MD controller] Iteration 18, Reconcile md
[MD controller] - Input to rollout planner
  md, 6/6 replicas
  - ms1, 2/2 replicas (m1,m5)
  - ms2, 4/4 replicas (m7,m8,m9,m10)
[MD controller] - Result of rollout planner
  md, 6/6 replicas
  - ms1, 2/2 replicas (m1,m5)
  - ms2, 4/4 replicas (m7,m8,m9,m10)
[M controller] Iteration 18, Reconcile m5
[M controller] Iteration 18, Reconcile m7
[M controller] Iteration 19, Reconcile m10
[M controller] Iteration 19, Reconcile m8
[M controller] Iteration 19, Reconcile m1
[M controller] - m1 finalizer removed
[M controller] Iteration 19, Reconcile m5
[M controller] Iteration 19, Reconcile m5
[MS controller] Iteration 19, Reconcile ms2, 4/4 replicas (m7,m8,m9,m10)
[MS controller] Iteration 19, Reconcile ms1, 2/2 replicas (m5)
[MS controller] Iteration 19, Reconcile ms1, 1/2 replicas (m5)
[M controller] Iteration 19, Reconcile m5
[M controller] Iteration 19, Reconcile m10
[MD controller] Iteration 19, Reconcile md
[MD controller] - Input to rollout planner
  md, 6/6 replicas
  - ms1, 1/2 replicas (m5)
  - ms2, 4/4 replicas (m7,m8,m9,m10)
[MD controller] - Result of rollout planner
  md, 5/6 replicas
  - ms1, 1/1 replicas (m5)
  - ms2, 4/4 replicas (m7,m8,m9,m10)
[M controller] Iteration 19, Reconcile m9
[M controller] Iteration 20, Reconcile m7
[M controller] Iteration 20, Reconcile m5
[User] Iteration 20, Deleting machine m5
[MS controller] Iteration 20, Reconcile ms2, 4/4 replicas (m7,m8,m9,m10)
[MS controller] Iteration 20, Reconcile ms2, 4/4 replicas (m7,m8,m9,m10)
[M controller] Iteration 20, Reconcile m5
[M controller] - m5 finalizer removed
[MS controller] Iteration 20, Reconcile ms2, 4/4 replicas (m7,m8,m9,m10)
[M controller] Iteration 20, Reconcile m8
[M controller] Iteration 21, Reconcile m8
[M controller] Iteration 21, Reconcile m7
[M controller] Iteration 21, Reconcile m7
[MD controller] Iteration 21, Reconcile md
[MD controller] - Input to rollout planner
  md, 5/6 replicas
  - ms1, 1/1 replicas ()
  - ms2, 4/4 replicas (m7,m8,m9,m10)
[MD controller] - Result of rollout planner
  md, 5/6 replicas
  - ms1, 1/1 replicas ()
  - ms2, 4/5 replicas (m7,m8,m9,m10)
[M controller] Iteration 21, Reconcile m7
[MS controller] Iteration 21, Reconcile ms1, 1/1 replicas ()
[M controller] Iteration 21, Reconcile m10
[MS controller] Iteration 21, Reconcile ms2, 4/5 replicas (m7,m8,m9,m10)
[MS controller] - ms2 scale up to 5/5 replicas (m11 created)
[M controller] Iteration 21, Reconcile m10
[MS controller] Iteration 22, Reconcile ms2, 5/5 replicas (m7,m8,m9,m10,m11)
[M controller] Iteration 22, Reconcile m10
[M controller] Iteration 22, Reconcile m11
[MD controller] Iteration 22, Reconcile md
[MD controller] - Input to rollout planner
  md, 5/6 replicas
  - ms1, 0/1 replicas ()
  - ms2, 5/5 replicas (m7,m8,m9,m10,m11)
[MD controller] - Result of rollout planner
  md, 5/6 replicas
  - ms1, 0/0 replicas ()
  - ms2, 5/5 replicas (m7,m8,m9,m10,m11)
[M controller] Iteration 22, Reconcile m11
[M controller] Iteration 22, Reconcile m8
[M controller] Iteration 22, Reconcile m7
[M controller] Iteration 22, Reconcile m7
[M controller] Iteration 23, Reconcile m10
[M controller] Iteration 23, Reconcile m9
[MD controller] Iteration 23, Reconcile md
[MD controller] - Input to rollout planner
  md, 5/6 replicas
  - ms1, 0/0 replicas ()
  - ms2, 5/5 replicas (m7,m8,m9,m10,m11)
[MD controller] - Result of rollout planner
  md, 5/6 replicas
  - ms1, 0/0 replicas ()
  - ms2, 5/6 replicas (m7,m8,m9,m10,m11)
[MS controller] Iteration 23, Reconcile ms2, 5/6 replicas (m7,m8,m9,m10,m11)
[MS controller] - ms2 scale up to 6/6 replicas (m12 created)
[MS controller] Iteration 23, Reconcile ms1, 0/0 replicas ()
[MS controller] Iteration 23, Reconcile ms2, 6/6 replicas (m7,m8,m9,m10,m11,m12)
[MS controller] Iteration 23, Reconcile ms2, 6/6 replicas (m7,m8,m9,m10,m11,m12)
[M controller] Iteration 23, Reconcile m10
[M controller] Iteration 23, Reconcile m7
[MS controller] Iteration 24, Reconcile ms1, 0/0 replicas ()
[M controller] Iteration 24, Reconcile m10
[M controller] Iteration 24, Reconcile m7
[M controller] Iteration 24, Reconcile m8
[MD controller] Iteration 24, Reconcile md
[MD controller] - Input to rollout planner
  md, 5/6 replicas
  - ms1, 0/0 replicas ()
  - ms2, 6/6 replicas (m7,m8,m9,m10,m11,m12)
[MD controller] - Result of rollout planner
  md, 6/6 replicas
  - ms1, 0/0 replicas ()
  - ms2, 6/6 replicas (m7,m8,m9,m10,m11,m12)
[M controller] Iteration 24, Reconcile m9
[M controller] Iteration 24, Reconcile m12
[Test] Final state
  md, 6/6 replicas
  - ms1, 0/0 replicas ()
  - ms2, 6/6 replicas (m7,m8,m9,m10,m11,m12)
